 addon

 Timestamp is 5f25dae2 (Sat Aug  1 16:13:06 2020)

 Preferred load address is 0000000180000000

 Start         Length     Name                   Class
 0001:00000000 0000ab10H .text$mn                CODE
 0001:0000ab10 00000020H .text$mn$00             CODE
 0001:0000ab30 00000250H .text$x                 CODE
 0002:00000000 00000240H .idata$5                DATA
 0002:00000240 00000010H .00cfg                  DATA
 0002:00000250 00000008H .CRT$XCA                DATA
 0002:00000258 00000008H .CRT$XCU                DATA
 0002:00000260 00000008H .CRT$XCZ                DATA
 0002:00000268 00000008H .CRT$XIA                DATA
 0002:00000270 00000018H .CRT$XIC                DATA
 0002:00000288 00000008H .CRT$XIZ                DATA
 0002:00000290 00000008H .CRT$XPA                DATA
 0002:00000298 00000010H .CRT$XPX                DATA
 0002:000002a8 00000008H .CRT$XPXA               DATA
 0002:000002b0 00000008H .CRT$XPZ                DATA
 0002:000002b8 00000008H .CRT$XTA                DATA
 0002:000002c0 00000010H .CRT$XTZ                DATA
 0002:000002c8 00000000H .gfids$y                DATA
 0002:000002d0 00007230H .rdata                  DATA
 0002:00007500 00000000H .rdata$r                DATA
 0002:00007500 00000390H .rdata$zzzdbg           DATA
 0002:00007890 00000008H .rtc$IAA                DATA
 0002:00007898 00000008H .rtc$IZZ                DATA
 0002:000078a0 00000008H .rtc$TAA                DATA
 0002:000078a8 00000008H .rtc$TZZ                DATA
 0002:000078b0 00000ad0H .xdata                  DATA
 0002:00008380 00000000H .xdata$x                DATA
 0002:00008380 00000020H .didat$2                DATA
 0002:000083a0 00000020H .didat$3                DATA
 0002:000083c0 00000060H .didat$4                DATA
 0002:00008420 00000300H .didat$6                DATA
 0002:00008720 00000060H .didat$7                DATA
 0002:00008780 00000050H .edata                  DATA
 0002:000087d0 00000014H .idata$2                DATA
 0002:000087e4 00000014H .idata$3                DATA
 0002:000087f8 00000240H .idata$4                DATA
 0002:00008a38 0000053aH .idata$6                DATA
 0003:00000000 00000920H .data                   DATA
 0003:00000920 00000000H .data$r                 DATA
 0003:00000920 00000060H .didat$5                DATA
 0003:00000980 000011e8H .bss                    DATA
 0004:00000000 00000d68H .pdata                  DATA
 0005:00000000 00000060H .rsrc$01                DATA
 0005:00000060 00000180H .rsrc$02                DATA

  Address         Publics by Value              Rva+Base               Lib:Object

 0000:00000000       __hybrid_code_map          0000000000000000     <absolute>
 0000:00000000       __guard_fids_count         0000000000000000     <absolute>
 0000:00000000       __guard_iat_count          0000000000000000     <absolute>
 0000:00000000       __volatile_metadata        0000000000000000     <absolute>
 0000:00000000       __guard_longjmp_count      0000000000000000     <absolute>
 0000:00000000       __guard_longjmp_table      0000000000000000     <absolute>
 0000:00000000       __guard_iat_table          0000000000000000     <absolute>
 0000:00000000       __hybrid_code_map_count    0000000000000000     <absolute>
 0000:00000000       ___safe_se_handler_count   0000000000000000     <absolute>
 0000:00000000       __enclave_config           0000000000000000     <absolute>
 0000:00000000       ___safe_se_handler_table   0000000000000000     <absolute>
 0000:00000000       __guard_fids_table         0000000000000000     <absolute>
 0000:00000000       __dynamic_value_reloc_table 0000000000000000     <absolute>
 0000:00000000       __hybrid_auxiliary_iat     0000000000000000     <absolute>
 0000:00000100       __guard_flags              0000000000000100     <absolute>
 0000:00000000       __ImageBase                0000000180000000     <linker-defined>
 0001:00000000       ?Method@demo@@YAXAEBV?$FunctionCallbackInfo@VValue@v8@@@v8@@@Z 0000000180001000 f   hola.obj
 0001:00000070       ?Initialize@demo@@YAXV?$Local@VObject@v8@@@v8@@@Z 0000000180001070 f   hola.obj
 0001:000001c4       __imp_load_?GetCurrentContext@Isolate@v8@@QEAA?AV?$Local@VContext@v8@@@2@XZ 00000001800011c4 f   node:node.exe
 0001:000001d0       __tailMerge_node_exe       00000001800011d0     node:node.exe
 0001:00000249       __imp_load_?GetCurrent@Isolate@v8@@SAPEAV12@XZ 0000000180001249 f   node:node.exe
 0001:00000255       __imp_load_??1HandleScope@v8@@QEAA@XZ 0000000180001255 f   node:node.exe
 0001:00000261       __imp_load_??0HandleScope@v8@@QEAA@PEAVIsolate@1@@Z 0000000180001261 f   node:node.exe
 0001:0000026d       __imp_load_?GetFunction@FunctionTemplate@v8@@QEAA?AV?$MaybeLocal@VFunction@v8@@@2@V?$Local@VContext@v8@@@2@@Z 000000018000126d f   node:node.exe
 0001:00000279       __imp_load_?New@FunctionTemplate@v8@@SA?AV?$Local@VFunctionTemplate@v8@@@2@PEAVIsolate@2@P6AXAEBV?$FunctionCallbackInfo@VValue@v8@@@2@@ZV?$Local@VValue@v8@@@2@V?$Local@VSignature@v8@@@2@HW4ConstructorBehavior@2@W4SideEffectType@2@@Z 0000000180001279 f   node:node.exe
 0001:00000285       __imp_load_?ToLocalEmpty@V8@v8@@CAXXZ 0000000180001285 f   node:node.exe
 0001:00000291       __imp_load_?NewFromUtf8@String@v8@@SA?AV?$MaybeLocal@VString@v8@@@2@PEAVIsolate@2@PEBDW4NewStringType@2@H@Z 0000000180001291 f   node:node.exe
 0001:0000029d       __imp_load_?Set@Object@v8@@QEAA_NV?$Local@VValue@v8@@@2@0@Z 000000018000129d f   node:node.exe
 0001:000002a9       __imp_load_?SetName@Function@v8@@QEAAXV?$Local@VString@v8@@@2@@Z 00000001800012a9 f   node:node.exe
 0001:000002b5       __imp_load_node_module_register 00000001800012b5 f   node:node.exe
 0001:000002e0       __security_check_cookie    00000001800012e0 f   LIBCMT:amdsecgs.obj
 0001:00000634       _DllMainCRTStartup         0000000180001634 f   LIBCMT:dll_dllmain.obj
 0001:00000674       __raise_securityfailure    0000000180001674 f   LIBCMT:gs_report.obj
 0001:000006a8       __report_gsfailure         00000001800016a8 f   LIBCMT:gs_report.obj
 0001:0000077c       __report_rangecheckfailure 000000018000177c f   LIBCMT:gs_report.obj
 0001:00000790       __report_securityfailure   0000000180001790 f   LIBCMT:gs_report.obj
 0001:00000910       __security_init_cookie     0000000180001910 f   LIBCMT:gs_support.obj
 0001:000009bc       _get_startup_argv_mode     00000001800019bc f   LIBCMT:argv_mode.obj
 0001:000009bc       DllMain                    00000001800019bc f   LIBCMT:dll_dllmain_stub.obj
 0001:000009c4       ?__scrt_initialize_type_info@@YAXXZ 00000001800019c4 f   LIBCMT:tncleanup.obj
 0001:000009d4       ?__scrt_uninitialize_type_info@@YAXXZ 00000001800019d4 f   LIBCMT:tncleanup.obj
 0001:000009e0       __local_stdio_printf_options 00000001800019e0 f i LIBCMT:default_local_stdio_options.obj
 0001:000009e8       __local_stdio_scanf_options 00000001800019e8 f i LIBCMT:default_local_stdio_options.obj
 0001:000009f0       __scrt_initialize_default_local_stdio_options 00000001800019f0 f   LIBCMT:default_local_stdio_options.obj
 0001:00000a0c       __scrt_acquire_startup_lock 0000000180001a0c f   LIBCMT:utility.obj
 0001:00000a48       __scrt_dllmain_after_initialize_c 0000000180001a48 f   LIBCMT:utility.obj
 0001:00000a7c       __scrt_dllmain_before_initialize_c 0000000180001a7c f   LIBCMT:utility.obj
 0001:00000a94       __scrt_dllmain_crt_thread_attach 0000000180001a94 f   LIBCMT:utility.obj
 0001:00000abc       __scrt_dllmain_crt_thread_detach 0000000180001abc f   LIBCMT:utility.obj
 0001:00000ad4       __scrt_dllmain_exception_filter 0000000180001ad4 f   LIBCMT:utility.obj
 0001:00000b34       __scrt_dllmain_uninitialize_c 0000000180001b34 f   LIBCMT:utility.obj
 0001:00000b64       __scrt_dllmain_uninitialize_critical 0000000180001b64 f   LIBCMT:utility.obj
 0001:00000b78       __scrt_initialize_crt      0000000180001b78 f   LIBCMT:utility.obj
 0001:00000bc4       __scrt_initialize_onexit_tables 0000000180001bc4 f   LIBCMT:utility.obj
 0001:00000c9c       __scrt_is_nonwritable_in_current_image 0000000180001c9c f   LIBCMT:utility.obj
 0001:00000d38       __scrt_release_startup_lock 0000000180001d38 f   LIBCMT:utility.obj
 0001:00000d5c       __scrt_uninitialize_crt    0000000180001d5c f   LIBCMT:utility.obj
 0001:00000d88       __scrt_get_dyn_tls_init_callback 0000000180001d88 f   LIBCMT:dyn_tls_init.obj
 0001:00000d90       __crt_debugger_hook        0000000180001d90 f   LIBCMT:utility_desktop.obj
 0001:00000d98       __scrt_fastfail            0000000180001d98 f   LIBCMT:utility_desktop.obj
 0001:00000ee4       _RTC_Initialize            0000000180001ee4 f   LIBCMT:initsect.obj
 0001:00000f20       _RTC_Terminate             0000000180001f20 f   LIBCMT:initsect.obj
 0001:00000f5c       _guard_check_icall_nop     0000000180001f5c f i LIBCMT:guard_support.obj
 0001:00000f60       __isa_available_init       0000000180001f60 f   LIBCMT:cpu_disp.obj
 0001:000010dc       __scrt_is_ucrt_dll_in_use  00000001800020dc f   LIBCMT:ucrt_detection.obj
 0001:000010f0       __C_specific_handler       00000001800020f0 f   libvcruntime:riscchandler.obj
 0001:000012fc       __std_type_info_destroy_list 00000001800022fc f   libvcruntime:std_type_info.obj
 0001:00001328       __vcrt_initialize          0000000180002328 f   libvcruntime:initialization.obj
 0001:0000135c       __vcrt_thread_attach       000000018000235c f   libvcruntime:initialization.obj
 0001:00001370       __vcrt_thread_detach       0000000180002370 f   libvcruntime:initialization.obj
 0001:00001384       __vcrt_uninitialize        0000000180002384 f   libvcruntime:initialization.obj
 0001:000013a4       __vcrt_uninitialize_critical 00000001800023a4 f   libvcruntime:initialization.obj
 0001:000013d0       memset_repmovs             00000001800023d0 f   libvcruntime:memset.obj
 0001:000013f0       memset                     00000001800023f0 f   libvcruntime:memset.obj
 0001:00001590       _NLG_Notify                0000000180002590 f   libvcruntime:notify.obj
 0001:000015b0       __NLG_Dispatch2            00000001800025b0 f   libvcruntime:notify.obj
 0001:000015c0       __NLG_Return2              00000001800025c0 f   libvcruntime:notify.obj
 0001:000015c4       __except_validate_context_record 00000001800025c4 f   libvcruntime:jbcxrval.obj
 0001:000015fc       __DestructExceptionObject  00000001800025fc f   libvcruntime:ehhelpers.obj
 0001:00001670       ?_CallMemberFunction0@@YAXQEAX0@Z 0000000180002670 f i libvcruntime:ehhelpers.obj
 0001:00001674       __vcrt_freefls             0000000180002674 f   libvcruntime:per_thread_data.obj
 0001:00001694       __vcrt_freeptd             0000000180002694 f   libvcruntime:per_thread_data.obj
 0001:000016e4       __vcrt_getptd_noexit       00000001800026e4 f   libvcruntime:per_thread_data.obj
 0001:000017b0       __vcrt_initialize_ptd      00000001800027b0 f   libvcruntime:per_thread_data.obj
 0001:00001804       __vcrt_uninitialize_ptd    0000000180002804 f   libvcruntime:per_thread_data.obj
 0001:00001828       __vcrt_initialize_locks    0000000180002828 f   libvcruntime:locks.obj
 0001:00001870       __vcrt_uninitialize_locks  0000000180002870 f   libvcruntime:locks.obj
 0001:00001a80       __vcrt_FlsAlloc            0000000180002a80 f   libvcruntime:winapi_downlevel.obj
 0001:00001ac8       __vcrt_FlsFree             0000000180002ac8 f   libvcruntime:winapi_downlevel.obj
 0001:00001b10       __vcrt_FlsGetValue         0000000180002b10 f   libvcruntime:winapi_downlevel.obj
 0001:00001b58       __vcrt_FlsSetValue         0000000180002b58 f   libvcruntime:winapi_downlevel.obj
 0001:00001bac       __vcrt_InitializeCriticalSectionEx 0000000180002bac f   libvcruntime:winapi_downlevel.obj
 0001:00001c10       __vcrt_initialize_winapi_thunks 0000000180002c10 f   libvcruntime:winapi_downlevel.obj
 0001:00001c40       __vcrt_uninitialize_winapi_thunks 0000000180002c40 f   libvcruntime:winapi_downlevel.obj
 0001:00001c80       __vcrt_initialize_pure_virtual_call_handler 0000000180002c80 f   libvcruntime:purevirt_data.obj
 0001:00001ca0       memcpy_repmovs             0000000180002ca0 f   libvcruntime:memcpy.obj
 0001:00001cc0       memmove                    0000000180002cc0 f   libvcruntime:memcpy.obj
 0001:00001cc0       memcpy                     0000000180002cc0 f   libvcruntime:memcpy.obj
 0001:00002100       _CallSettingFrame          0000000180003100 f   libvcruntime:handlers.obj
 0001:00002150       _CallSettingFrameEncoded   0000000180003150 f   libvcruntime:handlers.obj
 0001:00002198       ??0_LocaleUpdate@@QEAA@QEAU__crt_locale_pointers@@@Z 0000000180003198 f i libucrt:stricmp.obj
 0001:00002228       __ascii_stricmp            0000000180003228 f   libucrt:stricmp.obj
 0001:00002268       _stricmp                   0000000180003268 f   libucrt:stricmp.obj
 0001:000022b0       _stricmp_l                 00000001800032b0 f   libucrt:stricmp.obj
 0001:00002364       _initterm                  0000000180003364 f   libucrt:initterm.obj
 0001:000023c8       _initterm_e                00000001800033c8 f   libucrt:initterm.obj
 0001:00002408       _seh_filter_dll            0000000180003408 f   libucrt:exception_filter.obj
 0001:0000241c       _seh_filter_exe            000000018000341c f   libucrt:exception_filter.obj
 0001:00002828       __acrt_initialize_thread_local_exit_callback 0000000180003828 f   libucrt:exit.obj
 0001:00002830       _cexit                     0000000180003830 f   libucrt:exit.obj
 0001:00002840       _exit                      0000000180003840 f   libucrt:exit.obj
 0001:0000284c       _is_c_termination_complete 000000018000384c f   libucrt:exit.obj
 0001:00002a10       __acrt_allocate_buffer_for_argv 0000000180003a10 f   libucrt:argv_parsing.obj
 0001:00002a70       _configure_narrow_argv     0000000180003a70 f   libucrt:argv_parsing.obj
 0001:00002dec       __dcrt_uninitialize_environments_nolock 0000000180003dec f   libucrt:environment_initialization.obj
 0001:00002e24       _initialize_narrow_environment 0000000180003e24 f   libucrt:environment_initialization.obj
 0001:00002fb4       _execute_onexit_table      0000000180003fb4 f   libucrt:onexit.obj
 0001:00002ff0       _initialize_onexit_table   0000000180003ff0 f   libucrt:onexit.obj
 0001:00003068       __acrt_uninitialize_command_line 0000000180004068 f   libucrt:argv_data.obj
 0001:00003174       __acrt_initialize          0000000180004174 f   libucrt:initialization.obj
 0001:00003188       __acrt_thread_attach       0000000180004188 f   libucrt:initialization.obj
 0001:0000319c       __acrt_thread_detach       000000018000419c f   libucrt:initialization.obj
 0001:000031ac       __acrt_uninitialize        00000001800041ac f   libucrt:initialization.obj
 0001:000031e4       __acrt_uninitialize_critical 00000001800041e4 f   libucrt:initialization.obj
 0001:000031f4       terminate                  00000001800041f4 f   libucrt:terminate.obj
 0001:00003214       free                       0000000180004214 f   libucrt:free.obj
 0001:00003228       strcpy_s                   0000000180004228 f   libucrt:strcpy_s.obj
 0001:000032a0       strncmp                    00000001800042a0 f   libucrt:strncmp.obj
 0001:00003320       abort                      0000000180004320 f   libucrt:abort.obj
 0001:00003378       calloc                     0000000180004378 f   libucrt:calloc.obj
 0001:00003380       wcsncmp                    0000000180004380 f   libucrt:wcsncmp.obj
 0001:000033ac       __acrt_call_reportfault    00000001800043ac f   libucrt:invalid_parameter.obj
 0001:00003508       __acrt_initialize_invalid_parameter_handler 0000000180004508 f   libucrt:invalid_parameter.obj
 0001:00003510       _invalid_parameter         0000000180004510 f   libucrt:invalid_parameter.obj
 0001:000035c0       _invalid_parameter_noinfo  00000001800045c0 f   libucrt:invalid_parameter.obj
 0001:000035e0       _invoke_watson             00000001800045e0 f   libucrt:invalid_parameter.obj
 0001:00003628       __acrt_errno_from_os_error 0000000180004628 f   libucrt:errno.obj
 0001:00003670       __acrt_errno_map_os_error  0000000180004670 f   libucrt:errno.obj
 0001:000036c0       __doserrno                 00000001800046c0 f   libucrt:errno.obj
 0001:000036e0       _errno                     00000001800046e0 f   libucrt:errno.obj
 0001:00003744       _tolower_l                 0000000180004744 f   libucrt:tolower_toupper.obj
 0001:00003bfc       __acrt_freeptd             0000000180004bfc f   libucrt:per_thread_data.obj
 0001:00003c40       __acrt_getptd              0000000180004c40 f   libucrt:per_thread_data.obj
 0001:00003d0c       __acrt_getptd_head         0000000180004d0c f   libucrt:per_thread_data.obj
 0001:00003db4       __acrt_getptd_noexit       0000000180004db4 f   libucrt:per_thread_data.obj
 0001:00003e84       __acrt_initialize_ptd      0000000180004e84 f   libucrt:per_thread_data.obj
 0001:00003ec0       __acrt_uninitialize_ptd    0000000180004ec0 f   libucrt:per_thread_data.obj
 0001:00003ee4       __acrt_update_locale_info  0000000180004ee4 f   libucrt:locale_update.obj
 0001:00003f18       __acrt_update_multibyte_info 0000000180004f18 f   libucrt:locale_update.obj
 0001:00003fbc       __acrt_set_locale_changed  0000000180004fbc f   libucrt:wsetlocale.obj
 0001:00003fc8       __acrt_uninitialize_locale 0000000180004fc8 f   libucrt:wsetlocale.obj
 0001:00003ff8       __acrt_initialize_locks    0000000180004ff8 f   libucrt:locks.obj
 0001:00004040       __acrt_lock                0000000180005040 f   libucrt:locks.obj
 0001:0000405c       __acrt_uninitialize_locks  000000018000505c f   libucrt:locks.obj
 0001:00004094       __acrt_unlock              0000000180005094 f   libucrt:locks.obj
 0001:000040b0       __acrt_get_process_end_policy 00000001800050b0 f   libucrt:win_policies.obj
 0001:000040ec       _calloc_base               00000001800050ec f   libucrt:calloc_base.obj
 0001:00004164       _free_base                 0000000180005164 f   libucrt:free_base.obj
 0001:00004708       __acrt_expand_narrow_argv_wildcards 0000000180005708 f   libucrt:argv_wildcards.obj
 0001:00004e50       __acrt_initialize_multibyte 0000000180005e50 f   libucrt:mbctype.obj
 0001:00004eb0       __acrt_update_thread_multibyte_data 0000000180005eb0 f   libucrt:mbctype.obj
 0001:00004ecc       _setmbcp_nolock            0000000180005ecc f   libucrt:mbctype.obj
 0001:00005204       _ismbblead                 0000000180006204 f   libucrt:ismbbyte.obj
 0001:00005218       __acrt_initialize_command_line 0000000180006218 f   libucrt:argv_data.obj
 0001:00005240       __dcrt_get_narrow_environment_from_os 0000000180006240 f   libucrt:get_environment_from_os.obj
 0001:00005344       _recalloc                  0000000180006344 f   libucrt:recalloc.obj
 0001:0000534c       _recalloc_base             000000018000634c f   libucrt:recalloc.obj
 0001:000055bc       __acrt_AppPolicyGetProcessTerminationMethodInternal 00000001800065bc f   libucrt:winapi_thunks.obj
 0001:0000560c       __acrt_FlsAlloc            000000018000660c f   libucrt:winapi_thunks.obj
 0001:00005654       __acrt_FlsFree             0000000180006654 f   libucrt:winapi_thunks.obj
 0001:0000569c       __acrt_FlsGetValue         000000018000669c f   libucrt:winapi_thunks.obj
 0001:000056e4       __acrt_FlsSetValue         00000001800066e4 f   libucrt:winapi_thunks.obj
 0001:00005738       __acrt_InitializeCriticalSectionEx 0000000180006738 f   libucrt:winapi_thunks.obj
 0001:0000579c       __acrt_LCMapStringEx       000000018000679c f   libucrt:winapi_thunks.obj
 0001:00005878       __acrt_LocaleNameToLCID    0000000180006878 f   libucrt:winapi_thunks.obj
 0001:000058c8       __acrt_initialize_winapi_thunks 00000001800068c8 f   libucrt:winapi_thunks.obj
 0001:00005910       __acrt_uninitialize_winapi_thunks 0000000180006910 f   libucrt:winapi_thunks.obj
 0001:00005954       __acrt_initialize_heap     0000000180006954 f   libucrt:heap_handle.obj
 0001:00005970       __acrt_uninitialize_heap   0000000180006970 f   libucrt:heap_handle.obj
 0001:00005b64       __acrt_initialize_lowio    0000000180006b64 f   libucrt:ioinit.obj
 0001:00005ba0       __acrt_uninitialize_lowio  0000000180006ba0 f   libucrt:ioinit.obj
 0001:00005be0       __acrt_execute_initializers 0000000180006be0 f   libucrt:shared_initialization.obj
 0001:00005c60       __acrt_execute_uninitializers 0000000180006c60 f   libucrt:shared_initialization.obj
 0001:00005c9c       __acrt_initialize_new_handler 0000000180006c9c f   libucrt:new_handler.obj
 0001:00005ca4       _callnewh                  0000000180006ca4 f   libucrt:new_handler.obj
 0001:00005cd4       _query_new_handler         0000000180006cd4 f   libucrt:new_handler.obj
 0001:00005d50       __acrt_get_sigabrt_handler 0000000180006d50 f   libucrt:signal.obj
 0001:00005d80       __acrt_initialize_signal_handlers 0000000180006d80 f   libucrt:signal.obj
 0001:00005da0       raise                      0000000180006da0 f   libucrt:signal.obj
 0001:00006014       __acrt_has_user_matherr    0000000180007014 f   libucrt:matherr.obj
 0001:00006034       __acrt_initialize_user_matherr 0000000180007034 f   libucrt:matherr.obj
 0001:0000603c       __acrt_invoke_user_matherr 000000018000703c f   libucrt:matherr.obj
 0001:00006250       __acrt_stdio_flush_nolock  0000000180007250 f   libucrt:fflush.obj
 0001:000062cc       _fflush_nolock             00000001800072cc f   libucrt:fflush.obj
 0001:00006318       _flushall                  0000000180007318 f   libucrt:fflush.obj
 0001:00006320       __acrt_initialize_stdio    0000000180007320 f   libucrt:_file.obj
 0001:00006440       __acrt_uninitialize_stdio  0000000180007440 f   libucrt:_file.obj
 0001:0000649c       _lock_file                 000000018000749c f   libucrt:_file.obj
 0001:000064a8       _unlock_file               00000001800074a8 f   libucrt:_file.obj
 0001:000064b4       _malloc_base               00000001800074b4 f   libucrt:malloc_base.obj
 0001:00006514       _mbtowc_l                  0000000180007514 f   libucrt:mbtowc.obj
 0001:0000665c       mbtowc                     000000018000765c f   libucrt:mbtowc.obj
 0001:00006664       _fileno                    0000000180007664 f   libucrt:fileno.obj
 0001:0000668c       __pctype_func              000000018000768c f   libucrt:ctype.obj
 0001:000066bc       _isctype_l                 00000001800076bc f   libucrt:isctype.obj
 0001:000067cc       _isleadbyte_l              00000001800077cc f i libucrt:_wctype.obj
 0001:00006b24       __acrt_LCMapStringA        0000000180007b24 f   libucrt:lcmapstringa.obj
 0001:00006bbc       __acrt_add_locale_ref      0000000180007bbc f   libucrt:locale_refcounting.obj
 0001:00006c48       __acrt_free_locale         0000000180007c48 f   libucrt:locale_refcounting.obj
 0001:00006dc0       __acrt_locale_add_lc_time_reference 0000000180007dc0 f   libucrt:locale_refcounting.obj
 0001:00006de8       __acrt_locale_free_lc_time_if_unreferenced 0000000180007de8 f   libucrt:locale_refcounting.obj
 0001:00006e20       __acrt_locale_release_lc_time_reference 0000000180007e20 f   libucrt:locale_refcounting.obj
 0001:00006e48       __acrt_release_locale_ref  0000000180007e48 f   libucrt:locale_refcounting.obj
 0001:00006ef0       __acrt_update_thread_locale_data 0000000180007ef0 f   libucrt:locale_refcounting.obj
 0001:00006f60       _updatetlocinfoEx_nolock   0000000180007f60 f   libucrt:locale_refcounting.obj
 0001:00006fc8       __acrt_locale_free_monetary 0000000180007fc8 f   libucrt:initmon.obj
 0001:000070d4       __acrt_locale_free_numeric 00000001800080d4 f   libucrt:initnum.obj
 0001:00007194       __acrt_locale_free_time    0000000180008194 f   libucrt:inittime.obj
 0001:0000729c       __acrt_GetStringTypeA      000000018000829c f   libucrt:getstringtypea.obj
 0001:0000742c       _query_new_mode            000000018000842c f   libucrt:new_mode.obj
 0001:00007440       qsort                      0000000180008440 f   libucrt:qsort.obj
 0001:000077f0       strncpy_s                  00000001800087f0 f   libucrt:strncpy_s.obj
 0001:00007970       strpbrk                    0000000180008970 f   libucrt:strpbrk.obj
 0001:00007d50       _mbsdec                    0000000180008d50 f   libucrt:mbsdec.obj
 0001:00007d58       _mbsdec_l                  0000000180008d58 f   libucrt:mbsdec.obj
 0001:00007e00       _msize                     0000000180008e00 f   libucrt:msize.obj
 0001:00007e08       _msize_base                0000000180008e08 f   libucrt:msize.obj
 0001:00007e44       _realloc_base              0000000180008e44 f   libucrt:realloc_base.obj
 0001:00007f8c       __acrt_DownlevelLocaleNameToLCID 0000000180008f8c f   libucrt:lcidtoname_downlevel.obj
 0001:00007fc0       __acrt_lowio_create_handle_array 0000000180008fc0 f   libucrt:osfinfo.obj
 0001:00008058       __acrt_lowio_destroy_handle_array 0000000180009058 f   libucrt:osfinfo.obj
 0001:000080a8       __acrt_lowio_ensure_fh_exists 00000001800090a8 f   libucrt:osfinfo.obj
 0001:00008150       __acrt_lowio_lock_fh       0000000180009150 f   libucrt:osfinfo.obj
 0001:00008174       __acrt_lowio_unlock_fh     0000000180009174 f   libucrt:osfinfo.obj
 0001:00008198       _free_osfhnd               0000000180009198 f   libucrt:osfinfo.obj
 0001:00008254       _get_osfhandle             0000000180009254 f   libucrt:osfinfo.obj
 0001:00008358       _commit                    0000000180009358 f   libucrt:commit.obj
 0001:000089a4       _write                     00000001800099a4 f   libucrt:write.obj
 0001:00008a90       _write_nolock              0000000180009a90 f   libucrt:write.obj
 0001:00008dd4       _fcloseall                 0000000180009dd4 f   libucrt:closeall.obj
 0001:00008e88       __acrt_stdio_free_buffer_nolock 0000000180009e88 f   libucrt:_freebuf.obj
 0001:00008ec8       _isatty                    0000000180009ec8 f   libucrt:isatty.obj
 0001:00008f28       __acrt_MultiByteToWideChar 0000000180009f28 f   libucrt:multibytetowidechar.obj
 0001:00008f30       __strncnt                  0000000180009f30 f   libucrt:strncnt.obj
 0001:00008f48       _query_app_type            0000000180009f48 f   libucrt:report_runtime_error.obj
 0001:00008fec       _lseeki64_nolock           0000000180009fec f   libucrt:lseek.obj
 0001:00008ff4       _putwch_nolock             0000000180009ff4 f   libucrt:putwch.obj
 0001:00009030       _fclose_nolock             000000018000a030 f   libucrt:fclose.obj
 0001:000090b4       fclose                     000000018000a0b4 f   libucrt:fclose.obj
 0001:00009120       log10                      000000018000a120 f   libucrt:log10.obj
 0001:000096cc       __dcrt_lowio_ensure_console_output_initialized 000000018000a6cc f   libucrt:initcon.obj
 0001:00009720       __dcrt_terminate_console_output 000000018000a720 f   libucrt:initcon.obj
 0001:0000973c       __dcrt_write_console_w     000000018000a73c f   libucrt:initcon.obj
 0001:00009870       _close                     000000018000a870 f   libucrt:close.obj
 0001:00009914       _close_nolock              000000018000a914 f   libucrt:close.obj
 0001:000099d0       ?__acrt_stdio_free_stream@@YAXV__crt_stdio_stream@@@Z 000000018000a9d0 f   libucrt:stream.obj
 0001:00009b10       _handle_error              000000018000ab10 f   libucrt:libm_error.obj
 0001:00009c40       __acrt_initialize_fma3     000000018000ac40 f   libucrt:fma3_available.obj
 0001:00009cb0       _log10_special             000000018000acb0 f   libucrt:log_special.obj
 0001:00009d80       _get_fpsr                  000000018000ad80 f   libucrt:fpsr.obj
 0001:00009d90       _set_fpsr                  000000018000ad90 f   libucrt:fpsr.obj
 0001:00009d9a       _fclrf                     000000018000ad9a f   libucrt:fpsr.obj
 0001:00009dae       _frnd                      000000018000adae f   libucrt:fpsr.obj
 0001:00009dd0       _raise_exc                 000000018000add0 f   libucrt:fpexcept.obj
 0001:00009df8       _raise_exc_ex              000000018000adf8 f   libucrt:fpexcept.obj
 0001:0000a100       _set_errno_from_matherr    000000018000b100 f   libucrt:fpexcept.obj
 0001:0000a130       _clrfp                     000000018000b130 f   libucrt:fpctrl.obj
 0001:0000a150       _ctrlfp                    000000018000b150 f   libucrt:fpctrl.obj
 0001:0000a1cc       _set_statfp                000000018000b1cc f   libucrt:fpctrl.obj
 0001:0000a1ec       _statfp                    000000018000b1ec f   libucrt:fpctrl.obj
 0001:0000a1fd       IsProcessorFeaturePresent  000000018000b1fd f   kernel32:KERNEL32.dll
 0001:0000a204       ?DloadAcquireSectionWriteAccess@@YAXXZ 000000018000b204 f i DelayImp:delayhlp.obj
 0001:0000a2b0       ?DloadGetSRWLockFunctionPointers@@YAEXZ 000000018000b2b0 f i DelayImp:delayhlp.obj
 0001:0000a34c       ?DloadMakePermanentImageCommit@@YAXPEAX_K@Z 000000018000b34c f i DelayImp:delayhlp.obj
 0001:0000a3e4       ?DloadObtainSection@@YAPEAXPEAK0@Z 000000018000b3e4 f i DelayImp:delayhlp.obj
 0001:0000a480       ?DloadProtectSection@@YAXKPEAK@Z 000000018000b480 f i DelayImp:delayhlp.obj
 0001:0000a510       ?DloadReleaseSectionWriteAccess@@YAXXZ 000000018000b510 f i DelayImp:delayhlp.obj
 0001:0000a5a4       __delayLoadHelper2         000000018000b5a4 f   DelayImp:delayhlp.obj
 0001:0000a870       _FindPESection             000000018000b870 f   LIBCMT:pesect.obj
 0001:0000a8c0       _IsNonwritableInCurrentImage 000000018000b8c0 f   LIBCMT:pesect.obj
 0001:0000a910       _ValidateImageBase         000000018000b910 f   LIBCMT:pesect.obj
 0001:0000a940       __GSHandlerCheck           000000018000b940 f   LIBCMT:gshandler.obj
 0001:0000a960       __GSHandlerCheckCommon     000000018000b960 f   LIBCMT:gshandler.obj
 0001:0000a9d0       _alloca_probe              000000018000b9d0 f   LIBCMT:chkstk.obj
 0001:0000a9d0       __chkstk                   000000018000b9d0 f   LIBCMT:chkstk.obj
 0001:0000aa40       memcmp                     000000018000ba40 f   libvcruntime:memcmp.obj
 0001:0000ab20       _guard_dispatch_icall_nop  000000018000bb20 f   LIBCMT:guard_dispatch.obj
 0002:00000000       __imp_GetModuleHandleA     000000018000c000     kernel32:KERNEL32.dll
 0002:00000008       __imp_LoadLibraryExA       000000018000c008     kernel32:KERNEL32.dll
 0002:00000010       __imp_RtlCaptureContext    000000018000c010     kernel32:KERNEL32.dll
 0002:00000018       __imp_RtlLookupFunctionEntry 000000018000c018     kernel32:KERNEL32.dll
 0002:00000020       __imp_RtlVirtualUnwind     000000018000c020     kernel32:KERNEL32.dll
 0002:00000028       __imp_UnhandledExceptionFilter 000000018000c028     kernel32:KERNEL32.dll
 0002:00000030       __imp_SetUnhandledExceptionFilter 000000018000c030     kernel32:KERNEL32.dll
 0002:00000038       __imp_GetCurrentProcess    000000018000c038     kernel32:KERNEL32.dll
 0002:00000040       __imp_TerminateProcess     000000018000c040     kernel32:KERNEL32.dll
 0002:00000048       __imp_IsProcessorFeaturePresent 000000018000c048     kernel32:KERNEL32.dll
 0002:00000050       __imp_QueryPerformanceCounter 000000018000c050     kernel32:KERNEL32.dll
 0002:00000058       __imp_GetCurrentProcessId  000000018000c058     kernel32:KERNEL32.dll
 0002:00000060       __imp_GetCurrentThreadId   000000018000c060     kernel32:KERNEL32.dll
 0002:00000068       __imp_GetSystemTimeAsFileTime 000000018000c068     kernel32:KERNEL32.dll
 0002:00000070       __imp_InitializeSListHead  000000018000c070     kernel32:KERNEL32.dll
 0002:00000078       __imp_IsDebuggerPresent    000000018000c078     kernel32:KERNEL32.dll
 0002:00000080       __imp_GetStartupInfoW      000000018000c080     kernel32:KERNEL32.dll
 0002:00000088       __imp_GetModuleHandleW     000000018000c088     kernel32:KERNEL32.dll
 0002:00000090       __imp_RtlUnwindEx          000000018000c090     kernel32:KERNEL32.dll
 0002:00000098       __imp_InterlockedFlushSList 000000018000c098     kernel32:KERNEL32.dll
 0002:000000a0       __imp_GetLastError         000000018000c0a0     kernel32:KERNEL32.dll
 0002:000000a8       __imp_SetLastError         000000018000c0a8     kernel32:KERNEL32.dll
 0002:000000b0       __imp_EnterCriticalSection 000000018000c0b0     kernel32:KERNEL32.dll
 0002:000000b8       __imp_LeaveCriticalSection 000000018000c0b8     kernel32:KERNEL32.dll
 0002:000000c0       __imp_DeleteCriticalSection 000000018000c0c0     kernel32:KERNEL32.dll
 0002:000000c8       __imp_InitializeCriticalSectionAndSpinCount 000000018000c0c8     kernel32:KERNEL32.dll
 0002:000000d0       __imp_TlsAlloc             000000018000c0d0     kernel32:KERNEL32.dll
 0002:000000d8       __imp_TlsGetValue          000000018000c0d8     kernel32:KERNEL32.dll
 0002:000000e0       __imp_TlsSetValue          000000018000c0e0     kernel32:KERNEL32.dll
 0002:000000e8       __imp_TlsFree              000000018000c0e8     kernel32:KERNEL32.dll
 0002:000000f0       __imp_FreeLibrary          000000018000c0f0     kernel32:KERNEL32.dll
 0002:000000f8       __imp_GetProcAddress       000000018000c0f8     kernel32:KERNEL32.dll
 0002:00000100       __imp_LoadLibraryExW       000000018000c100     kernel32:KERNEL32.dll
 0002:00000108       __imp_RaiseException       000000018000c108     kernel32:KERNEL32.dll
 0002:00000110       __imp_ExitProcess          000000018000c110     kernel32:KERNEL32.dll
 0002:00000118       __imp_GetModuleHandleExW   000000018000c118     kernel32:KERNEL32.dll
 0002:00000120       __imp_GetModuleFileNameA   000000018000c120     kernel32:KERNEL32.dll
 0002:00000128       __imp_MultiByteToWideChar  000000018000c128     kernel32:KERNEL32.dll
 0002:00000130       __imp_WideCharToMultiByte  000000018000c130     kernel32:KERNEL32.dll
 0002:00000138       __imp_GetACP               000000018000c138     kernel32:KERNEL32.dll
 0002:00000140       __imp_HeapAlloc            000000018000c140     kernel32:KERNEL32.dll
 0002:00000148       __imp_HeapFree             000000018000c148     kernel32:KERNEL32.dll
 0002:00000150       __imp_FindClose            000000018000c150     kernel32:KERNEL32.dll
 0002:00000158       __imp_FindFirstFileExA     000000018000c158     kernel32:KERNEL32.dll
 0002:00000160       __imp_FindNextFileA        000000018000c160     kernel32:KERNEL32.dll
 0002:00000168       __imp_IsValidCodePage      000000018000c168     kernel32:KERNEL32.dll
 0002:00000170       __imp_GetOEMCP             000000018000c170     kernel32:KERNEL32.dll
 0002:00000178       __imp_GetCPInfo            000000018000c178     kernel32:KERNEL32.dll
 0002:00000180       __imp_GetCommandLineA      000000018000c180     kernel32:KERNEL32.dll
 0002:00000188       __imp_GetCommandLineW      000000018000c188     kernel32:KERNEL32.dll
 0002:00000190       __imp_GetEnvironmentStringsW 000000018000c190     kernel32:KERNEL32.dll
 0002:00000198       __imp_FreeEnvironmentStringsW 000000018000c198     kernel32:KERNEL32.dll
 0002:000001a0       __imp_LCMapStringW         000000018000c1a0     kernel32:KERNEL32.dll
 0002:000001a8       __imp_GetProcessHeap       000000018000c1a8     kernel32:KERNEL32.dll
 0002:000001b0       __imp_GetStdHandle         000000018000c1b0     kernel32:KERNEL32.dll
 0002:000001b8       __imp_GetFileType          000000018000c1b8     kernel32:KERNEL32.dll
 0002:000001c0       __imp_GetStringTypeW       000000018000c1c0     kernel32:KERNEL32.dll
 0002:000001c8       __imp_HeapSize             000000018000c1c8     kernel32:KERNEL32.dll
 0002:000001d0       __imp_HeapReAlloc          000000018000c1d0     kernel32:KERNEL32.dll
 0002:000001d8       __imp_SetStdHandle         000000018000c1d8     kernel32:KERNEL32.dll
 0002:000001e0       __imp_FlushFileBuffers     000000018000c1e0     kernel32:KERNEL32.dll
 0002:000001e8       __imp_WriteFile            000000018000c1e8     kernel32:KERNEL32.dll
 0002:000001f0       __imp_GetConsoleCP         000000018000c1f0     kernel32:KERNEL32.dll
 0002:000001f8       __imp_GetConsoleMode       000000018000c1f8     kernel32:KERNEL32.dll
 0002:00000200       __imp_SetFilePointerEx     000000018000c200     kernel32:KERNEL32.dll
 0002:00000208       __imp_CreateFileW          000000018000c208     kernel32:KERNEL32.dll
 0002:00000210       __imp_CloseHandle          000000018000c210     kernel32:KERNEL32.dll
 0002:00000218       __imp_WriteConsoleW        000000018000c218     kernel32:KERNEL32.dll
 0002:00000220       __imp_GetSystemInfo        000000018000c220     kernel32:KERNEL32.dll
 0002:00000228       __imp_VirtualProtect       000000018000c228     kernel32:KERNEL32.dll
 0002:00000230       __imp_VirtualQuery         000000018000c230     kernel32:KERNEL32.dll
 0002:00000238       \177KERNEL32_NULL_THUNK_DATA 000000018000c238     kernel32:KERNEL32.dll
 0002:00000240       __guard_check_icall_fptr   000000018000c240     LIBCMT:guard_support.obj
 0002:00000248       __guard_dispatch_icall_fptr 000000018000c248     LIBCMT:guard_support.obj
 0002:00000250       __xc_a                     000000018000c250     LIBCMT:initializers.obj
 0002:00000258       _register_addon_           000000018000c258     hola.obj
 0002:00000260       __xc_z                     000000018000c260     LIBCMT:initializers.obj
 0002:00000268       __xi_a                     000000018000c268     LIBCMT:initializers.obj
 0002:00000270       __acrt_multibyte_initializer 000000018000c270     libucrt:multibyte_initializer.obj
 0002:00000278       __acrt_stdio_initializer   000000018000c278     libucrt:stdio_initializer.obj
 0002:00000280       __acrt_tran_fma3_initializer 000000018000c280     libucrt:fma3_initializer.obj
 0002:00000288       __xi_z                     000000018000c288     LIBCMT:initializers.obj
 0002:00000290       __xp_a                     000000018000c290     LIBCMT:initializers.obj
 0002:00000298       __acrt_locale_terminator   000000018000c298     libucrt:locale_initializer.obj
 0002:000002a0       __dcrt_console_output_terminator 000000018000c2a0     libucrt:console_output_initializer.obj
 0002:000002a8       __acrt_stdio_terminator    000000018000c2a8     libucrt:stdio_initializer.obj
 0002:000002b0       __xp_z                     000000018000c2b0     LIBCMT:initializers.obj
 0002:000002b8       __xt_a                     000000018000c2b8     LIBCMT:initializers.obj
 0002:000002c0       __xt_z                     000000018000c2c0     LIBCMT:initializers.obj
 0002:000002d0       __sz_node_exe              000000018000c2d0     node:node.exe
 0002:000002e0       _pDefaultRawDllMain        000000018000c2e0     LIBCMT:dll_dllmain.obj
 0002:000002e0       _pRawDllMain               000000018000c2e0     LIBCMT:dll_dllmain.obj
 0002:000002f8       _pDestructExceptionObject  000000018000c2f8     libvcruntime:ehhelpers.obj
 0002:00000638       ??_C@_08EHJDFFNH@__based?$CI@ 000000018000c638     libvcruntime:undname.obj
 0002:00000648       ??_C@_07KOLFKCDI@__cdecl@  000000018000c648     libvcruntime:undname.obj
 0002:00000650       ??_C@_08GHMPAG@__pascal@   000000018000c650     libvcruntime:undname.obj
 0002:00000660       ??_C@_09IFJBGAPI@__stdcall@ 000000018000c660     libvcruntime:undname.obj
 0002:00000670       ??_C@_0L@NPHFGOKO@__thiscall@ 000000018000c670     libvcruntime:undname.obj
 0002:00000680       ??_C@_0L@JMKHOMEK@__fastcall@ 000000018000c680     libvcruntime:undname.obj
 0002:00000690       ??_C@_0N@BCKKPABJ@__vectorcall@ 000000018000c690     libvcruntime:undname.obj
 0002:000006a0       ??_C@_09HIJEGCPM@__clrcall@ 000000018000c6a0     libvcruntime:undname.obj
 0002:000006ac       ??_C@_06GHPCKEAG@__eabi@   000000018000c6ac     libvcruntime:undname.obj
 0002:000006b8       ??_C@_09IOPIDJLG@__swift_1@ 000000018000c6b8     libvcruntime:undname.obj
 0002:000006c8       ??_C@_09KFNFGKHF@__swift_2@ 000000018000c6c8     libvcruntime:undname.obj
 0002:000006d8       ??_C@_07JOMMBBKO@__ptr64@  000000018000c6d8     libvcruntime:undname.obj
 0002:000006e0       ??_C@_0L@PILCLIHE@__restrict@ 000000018000c6e0     libvcruntime:undname.obj
 0002:000006f0       ??_C@_0M@GFIIJFMG@__unaligned@ 000000018000c6f0     libvcruntime:undname.obj
 0002:00000700       ??_C@_09DHDLOLLB@restrict?$CI@ 000000018000c700     libvcruntime:undname.obj
 0002:0000070a       ??_C@_00CNPNBAHC@@         000000018000c70a     libvcruntime:undname.obj
 0002:0000070c       ??_C@_04NIHEBCM@?5new@     000000018000c70c     libvcruntime:undname.obj
 0002:00000718       ??_C@_07FPCDHGMM@?5delete@ 000000018000c718     libvcruntime:undname.obj
 0002:00000720       ??_C@_01NEMOKFLO@?$DN@     000000018000c720     libvcruntime:undname.obj
 0002:00000724       ??_C@_02GPIOPFAK@?$DO?$DO@ 000000018000c724     libvcruntime:undname.obj
 0002:00000728       ??_C@_02FODMEDOG@?$DM?$DM@ 000000018000c728     libvcruntime:undname.obj
 0002:0000072c       ??_C@_01DCLJPIOD@?$CB@     000000018000c72c     libvcruntime:undname.obj
 0002:00000730       ??_C@_02EGOFBIJA@?$DN?$DN@ 000000018000c730     libvcruntime:undname.obj
 0002:00000734       ??_C@_02FDNJECIE@?$CB?$DN@ 000000018000c734     libvcruntime:undname.obj
 0002:00000738       ??_C@_02GPECMEKF@?$FL?$FN@ 000000018000c738     libvcruntime:undname.obj
 0002:00000740       ??_C@_08LHJFAFGD@operator@ 000000018000c740     libvcruntime:undname.obj
 0002:0000074c       ??_C@_02HBOOOICD@?9?$DO@   000000018000c74c     libvcruntime:undname.obj
 0002:00000750       ??_C@_01NBENCBCI@?$CK@     000000018000c750     libvcruntime:undname.obj
 0002:00000754       ??_C@_02ECNGHCIF@?$CL?$CL@ 000000018000c754     libvcruntime:undname.obj
 0002:00000758       ??_C@_02BAABKJLB@?9?9@     000000018000c758     libvcruntime:undname.obj
 0002:0000075c       ??_C@_01JOAMLHOP@?9@       000000018000c75c     libvcruntime:undname.obj
 0002:00000760       ??_C@_01MIFGBAGJ@?$CL@     000000018000c760     libvcruntime:undname.obj
 0002:00000764       ??_C@_01HNPIGOCE@?$CG@     000000018000c764     libvcruntime:undname.obj
 0002:00000768       ??_C@_03MNHNFDLC@?9?$DO?$CK@ 000000018000c768     libvcruntime:undname.obj
 0002:0000076c       ??_C@_01KMDKNFGN@?1@       000000018000c76c     libvcruntime:undname.obj
 0002:00000770       ??_C@_01FGNFDNOH@?$CF@     000000018000c770     libvcruntime:undname.obj
 0002:00000774       ??_C@_01MNNFJEPP@?$DM@     000000018000c774     libvcruntime:undname.obj
 0002:00000778       ??_C@_02EHCHHCKH@?$DM?$DN@ 000000018000c778     libvcruntime:undname.obj
 0002:0000077c       ??_C@_01PPODPGHN@?$DO@     000000018000c77c     libvcruntime:undname.obj
 0002:00000780       ??_C@_02EEKDKGMJ@?$DO?$DN@ 000000018000c780     libvcruntime:undname.obj
 0002:00000784       ??_C@_01IHBHIGKO@?0@       000000018000c784     libvcruntime:undname.obj
 0002:00000788       ??_C@_02HCKGKOFO@?$CI?$CJ@ 000000018000c788     libvcruntime:undname.obj
 0002:0000078c       ??_C@_01PJKLJHI@?$HO@      000000018000c78c     libvcruntime:undname.obj
 0002:00000790       ??_C@_01JKBOJNNK@?$FO@     000000018000c790     libvcruntime:undname.obj
 0002:00000794       ??_C@_01DNKMNLPK@?$HM@     000000018000c794     libvcruntime:undname.obj
 0002:00000798       ??_C@_02PPKAJPJL@?$CG?$CG@ 000000018000c798     libvcruntime:undname.obj
 0002:0000079c       ??_C@_02NONPIBCD@?$HM?$HM@ 000000018000c79c     libvcruntime:undname.obj
 0002:000007a0       ??_C@_02FPIMKNGF@?$CK?$DN@ 000000018000c7a0     libvcruntime:undname.obj
 0002:000007a4       ??_C@_02FOEOMHFC@?$CL?$DN@ 000000018000c7a4     libvcruntime:undname.obj
 0002:000007a8       ??_C@_02FKMDLLOA@?9?$DN@   000000018000c7a8     libvcruntime:undname.obj
 0002:000007ac       ??_C@_02FJEHGPIO@?1?$DN@   000000018000c7ac     libvcruntime:undname.obj
 0002:000007b0       ??_C@_02FENAOKFI@?$CF?$DN@ 000000018000c7b0     libvcruntime:undname.obj
 0002:000007b4       ??_C@_03IKFCCPFF@?$DO?$DO?$DN@ 000000018000c7b4     libvcruntime:undname.obj
 0002:000007b8       ??_C@_03CDNPDDLA@?$DM?$DM?$DN@ 000000018000c7b8     libvcruntime:undname.obj
 0002:000007bc       ??_C@_02FGJGFEAB@?$CG?$DN@ 000000018000c7bc     libvcruntime:undname.obj
 0002:000007c0       ??_C@_02DHLNPPGH@?$HM?$DN@ 000000018000c7c0     libvcruntime:undname.obj
 0002:000007c4       ??_C@_02MHEGNOJ@?$FO?$DN@  000000018000c7c4     libvcruntime:undname.obj
 0002:000007c8       ??_C@_09IFPLHPGF@?$GAvftable?8@ 000000018000c7c8     libvcruntime:undname.obj
 0002:000007d8       ??_C@_09BLBHBJP@?$GAvbtable?8@ 000000018000c7d8     libvcruntime:undname.obj
 0002:000007e8       ??_C@_07FEEIOKP@?$GAvcall?8@ 000000018000c7e8     libvcruntime:undname.obj
 0002:000007f0       ??_C@_08LLFFHHDJ@?$GAtypeof?8@ 000000018000c7f0     libvcruntime:undname.obj
 0002:00000800       ??_C@_0BF@KDPPACIK@?$GAlocal?5static?5guard?8@ 000000018000c800     libvcruntime:undname.obj
 0002:00000818       ??_C@_08OBABFOLI@?$GAstring?8@ 000000018000c818     libvcruntime:undname.obj
 0002:00000828       ??_C@_0BD@JDLKDPAB@?$GAvbase?5destructor?8@ 000000018000c828     libvcruntime:undname.obj
 0002:00000840       ??_C@_0BN@DEGPLNFK@?$GAvector?5deleting?5destructor?8@ 000000018000c840     libvcruntime:undname.obj
 0002:00000860       ??_C@_0BO@OBMKPJIG@?$GAdefault?5constructor?5closure?8@ 000000018000c860     libvcruntime:undname.obj
 0002:00000880       ??_C@_0BN@IMDCHIKM@?$GAscalar?5deleting?5destructor?8@ 000000018000c880     libvcruntime:undname.obj
 0002:000008a0       ??_C@_0BO@PFGOCPJJ@?$GAvector?5constructor?5iterator?8@ 000000018000c8a0     libvcruntime:undname.obj
 0002:000008c0       ??_C@_0BN@LFPFMEDL@?$GAvector?5destructor?5iterator?8@ 000000018000c8c0     libvcruntime:undname.obj
 0002:000008e0       ??_C@_0CE@IKBNEHA@?$GAvector?5vbase?5constructor?5itera@ 000000018000c8e0     libvcruntime:undname.obj
 0002:00000908       ??_C@_0BL@NILFHHPC@?$GAvirtual?5displacement?5map?8@ 000000018000c908     libvcruntime:undname.obj
 0002:00000928       ??_C@_0CB@JONCMFFK@?$GAeh?5vector?5constructor?5iterator@ 000000018000c928     libvcruntime:undname.obj
 0002:00000950       ??_C@_0CA@GCEOPDGL@?$GAeh?5vector?5destructor?5iterator?8@ 000000018000c950     libvcruntime:undname.obj
 0002:00000970       ??_C@_0CH@OOJPLCPH@?$GAeh?5vector?5vbase?5constructor?5it@ 000000018000c970     libvcruntime:undname.obj
 0002:00000998       ??_C@_0BL@LLKPOHJI@?$GAcopy?5constructor?5closure?8@ 000000018000c998     libvcruntime:undname.obj
 0002:000009b8       ??_C@_0BA@KBCDOMBN@?$GAudt?5returning?8@ 000000018000c9b8     libvcruntime:undname.obj
 0002:000009c8       ??_C@_03KLGMFNMG@?$GAEH@   000000018000c9c8     libvcruntime:undname.obj
 0002:000009cc       ??_C@_05KHLCHHI@?$GARTTI@  000000018000c9cc     libvcruntime:undname.obj
 0002:000009d8       ??_C@_0BA@KKLDJDLB@?$GAlocal?5vftable?8@ 000000018000c9d8     libvcruntime:undname.obj
 0002:000009e8       ??_C@_0CE@IIHCMGGL@?$GAlocal?5vftable?5constructor?5clos@ 000000018000c9e8     libvcruntime:undname.obj
 0002:00000a0c       ??_C@_06FHBGPFGH@?5new?$FL?$FN@ 000000018000ca0c     libvcruntime:undname.obj
 0002:00000a18       ??_C@_09LBNFPBCA@?5delete?$FL?$FN@ 000000018000ca18     libvcruntime:undname.obj
 0002:00000a28       ??_C@_0P@HJKNJFNN@?$GAomni?5callsig?8@ 000000018000ca28     libvcruntime:undname.obj
 0002:00000a38       ??_C@_0BL@CNOONJFP@?$GAplacement?5delete?5closure?8@ 000000018000ca38     libvcruntime:undname.obj
 0002:00000a58       ??_C@_0BN@CKNJLHMB@?$GAplacement?5delete?$FL?$FN?5closure?8@ 000000018000ca58     libvcruntime:undname.obj
 0002:00000a78       ??_C@_0CG@CFDHKGGD@?$GAmanaged?5vector?5constructor?5ite@ 000000018000ca78     libvcruntime:undname.obj
 0002:00000aa0       ??_C@_0CF@IMGKMJNO@?$GAmanaged?5vector?5destructor?5iter@ 000000018000caa0     libvcruntime:undname.obj
 0002:00000ac8       ??_C@_0CG@HLDDJMAG@?$GAeh?5vector?5copy?5constructor?5ite@ 000000018000cac8     libvcruntime:undname.obj
 0002:00000af0       ??_C@_0CM@FCBBDIGB@?$GAeh?5vector?5vbase?5copy?5construct@ 000000018000caf0     libvcruntime:undname.obj
 0002:00000b20       ??_C@_0BL@CLIPGLGB@?$GAdynamic?5initializer?5for?5?8@ 000000018000cb20     libvcruntime:undname.obj
 0002:00000b40       ??_C@_0CB@PDBIFEP@?$GAdynamic?5atexit?5destructor?5for?5@ 000000018000cb40     libvcruntime:undname.obj
 0002:00000b68       ??_C@_0CD@CGAJBKEJ@?$GAvector?5copy?5constructor?5iterat@ 000000018000cb68     libvcruntime:undname.obj
 0002:00000b90       ??_C@_0CJ@GJELGAMM@?$GAvector?5vbase?5copy?5constructor?5@ 000000018000cb90     libvcruntime:undname.obj
 0002:00000bc0       ??_C@_0CL@FGIJHLCE@?$GAmanaged?5vector?5copy?5constructo@ 000000018000cbc0     libvcruntime:undname.obj
 0002:00000bf0       ??_C@_0BM@PMGGMLDN@?$GAlocal?5static?5thread?5guard?8@ 000000018000cbf0     libvcruntime:undname.obj
 0002:00000c10       ??_C@_0N@BDNMDMOL@operator?5?$CC?$CC?5@ 000000018000cc10     libvcruntime:undname.obj
 0002:00000c20       ??_C@_0BC@GGEBGALA@operator?5co_await@ 000000018000cc20     libvcruntime:undname.obj
 0002:00000c38       ??_C@_0BC@DAFEJGAK@?5Type?5Descriptor?8@ 000000018000cc38     libvcruntime:undname.obj
 0002:00000c50       ??_C@_0BM@LDKODKLH@?5Base?5Class?5Descriptor?5at?5?$CI@ 000000018000cc50     libvcruntime:undname.obj
 0002:00000c70       ??_C@_0BD@LGICGFMM@?5Base?5Class?5Array?8@ 000000018000cc70     libvcruntime:undname.obj
 0002:00000c88       ??_C@_0BN@MECKDCOJ@?5Class?5Hierarchy?5Descriptor?8@ 000000018000cc88     libvcruntime:undname.obj
 0002:00000ca8       ??_C@_0BK@CFCOFLF@?5Complete?5Object?5Locator?8@ 000000018000cca8     libvcruntime:undname.obj
 0002:00000ce0       ??_C@_1DM@KHCHBNEB@?$AAa?$AAp?$AAi?$AA?9?$AAm?$AAs?$AA?9?$AAw?$AAi?$AAn?$AA?9?$AAc?$AAo?$AAr?$AAe@ 000000018000cce0     libvcruntime:winapi_downlevel.obj
 0002:00000d20       ??_C@_1DK@LPPGFMPP@?$AAa?$AAp?$AAi?$AA?9?$AAm?$AAs?$AA?9?$AAw?$AAi?$AAn?$AA?9?$AAc?$AAo?$AAr?$AAe@ 000000018000cd20     libvcruntime:winapi_downlevel.obj
 0002:00000d60       ??_C@_1BC@GDMECMAK@?$AAk?$AAe?$AAr?$AAn?$AAe?$AAl?$AA3?$AA2@ 000000018000cd60     libvcruntime:winapi_downlevel.obj
 0002:00000d78       ??_C@_1BA@PFFKHIOG@?$AAa?$AAp?$AAi?$AA?9?$AAm?$AAs?$AA?9@ 000000018000cd78     libvcruntime:winapi_downlevel.obj
 0002:00000d88       ??_C@_1BA@IAIFMGEF@?$AAe?$AAx?$AAt?$AA?9?$AAm?$AAs?$AA?9@ 000000018000cd88     libvcruntime:winapi_downlevel.obj
 0002:00000da0       ??_C@_08KNHFBNJ@FlsAlloc@  000000018000cda0     libvcruntime:winapi_downlevel.obj
 0002:00000db8       ??_C@_07PEJMOBNF@FlsFree@  000000018000cdb8     libvcruntime:winapi_downlevel.obj
 0002:00000dc8       ??_C@_0M@GDNOONDI@FlsGetValue@ 000000018000cdc8     libvcruntime:winapi_downlevel.obj
 0002:00000de0       ??_C@_0M@JCPCPOEF@FlsSetValue@ 000000018000cde0     libvcruntime:winapi_downlevel.obj
 0002:00000df8       ??_C@_0BM@HCFOFFN@InitializeCriticalSectionEx@ 000000018000cdf8     libvcruntime:winapi_downlevel.obj
 0002:00000e20       __acrt_exception_action_table 000000018000ce20     libucrt:exception_filter.obj
 0002:00000ee0       __acrt_signal_action_table_count 000000018000cee0     libucrt:exception_filter.obj
 0002:00000ee8       __acrt_signal_action_first_fpe_index 000000018000cee8     libucrt:exception_filter.obj
 0002:00000ef0       __acrt_signal_action_fpe_count 000000018000cef0     libucrt:exception_filter.obj
 0002:00000ef8       ??_C@_1BI@BGOHAHKC@?$AAm?$AAs?$AAc?$AAo?$AAr?$AAe?$AAe?$AA?4?$AAd?$AAl?$AAl?$AA?$AA@ 000000018000cef8     libucrt:exit.obj
 0002:00000f10       ??_C@_0P@MIGLKIOC@CorExitProcess?$AA@ 000000018000cf10     libucrt:exit.obj
 0002:00001180       __lc_time_c                000000018000d180     libucrt:nlsdata.obj
 0002:00001440       ??_C@_03KOEHGMDN@Sun?$AA@  000000018000d440     libucrt:nlsdata.obj
 0002:00001444       ??_C@_03PDAGKDH@Mon?$AA@   000000018000d444     libucrt:nlsdata.obj
 0002:00001448       ??_C@_03NAGEINEP@Tue?$AA@  000000018000d448     libucrt:nlsdata.obj
 0002:0000144c       ??_C@_03MHOMLAJA@Wed?$AA@  000000018000d44c     libucrt:nlsdata.obj
 0002:00001450       ??_C@_03IOFIKPDN@Thu?$AA@  000000018000d450     libucrt:nlsdata.obj
 0002:00001454       ??_C@_03IDIOELNC@Fri?$AA@  000000018000d454     libucrt:nlsdata.obj
 0002:00001458       ??_C@_03FEFJNEK@Sat?$AA@   000000018000d458     libucrt:nlsdata.obj
 0002:0000145c       ??_C@_06OOPIFAJ@Sunday?$AA@ 000000018000d45c     libucrt:nlsdata.obj
 0002:00001464       ??_C@_06JLEDEDGH@Monday?$AA@ 000000018000d464     libucrt:nlsdata.obj
 0002:00001470       ??_C@_07BAAGCFCM@Tuesday?$AA@ 000000018000d470     libucrt:nlsdata.obj
 0002:00001478       ??_C@_09DLIGFAKA@Wednesday?$AA@ 000000018000d478     libucrt:nlsdata.obj
 0002:00001488       ??_C@_08HACCIKIA@Thursday?$AA@ 000000018000d488     libucrt:nlsdata.obj
 0002:00001494       ??_C@_06JECMNKMI@Friday?$AA@ 000000018000d494     libucrt:nlsdata.obj
 0002:000014a0       ??_C@_08INBOOONO@Saturday?$AA@ 000000018000d4a0     libucrt:nlsdata.obj
 0002:000014ac       ??_C@_03JIHJHPIE@Jan?$AA@  000000018000d4ac     libucrt:nlsdata.obj
 0002:000014b0       ??_C@_03HJBDCHOM@Feb?$AA@  000000018000d4b0     libucrt:nlsdata.obj
 0002:000014b4       ??_C@_03ODNJBKGA@Mar?$AA@  000000018000d4b4     libucrt:nlsdata.obj
 0002:000014b8       ??_C@_03LEOLGMJP@Apr?$AA@  000000018000d4b8     libucrt:nlsdata.obj
 0002:000014bc       ??_C@_03CNMDKL@May?$AA@    000000018000d4bc     libucrt:nlsdata.obj
 0002:000014c0       ??_C@_03IDFGHECI@Jun?$AA@  000000018000d4c0     libucrt:nlsdata.obj
 0002:000014c4       ??_C@_03LBGABGKK@Jul?$AA@  000000018000d4c4     libucrt:nlsdata.obj
 0002:000014c8       ??_C@_03IFJFEIGA@Aug?$AA@  000000018000d4c8     libucrt:nlsdata.obj
 0002:000014cc       ??_C@_03GGCAPAJC@Sep?$AA@  000000018000d4cc     libucrt:nlsdata.obj
 0002:000014d0       ??_C@_03BMAOKBAD@Oct?$AA@  000000018000d4d0     libucrt:nlsdata.obj
 0002:000014d4       ??_C@_03JPJOFNIA@Nov?$AA@  000000018000d4d4     libucrt:nlsdata.obj
 0002:000014d8       ??_C@_03MKABNOCG@Dec?$AA@  000000018000d4d8     libucrt:nlsdata.obj
 0002:000014e0       ??_C@_07CGJPFGJA@January?$AA@ 000000018000d4e0     libucrt:nlsdata.obj
 0002:000014e8       ??_C@_08GNJGEPFN@February?$AA@ 000000018000d4e8     libucrt:nlsdata.obj
 0002:000014f4       ??_C@_05HPCKOFNC@March?$AA@ 000000018000d4f4     libucrt:nlsdata.obj
 0002:000014fc       ??_C@_05DMJDNLEJ@April?$AA@ 000000018000d4fc     libucrt:nlsdata.obj
 0002:00001504       ??_C@_04CNLMGBGM@June?$AA@ 000000018000d504     libucrt:nlsdata.obj
 0002:0000150c       ??_C@_04MIEPOIFP@July?$AA@ 000000018000d50c     libucrt:nlsdata.obj
 0002:00001514       ??_C@_06LBBHFDDG@August?$AA@ 000000018000d514     libucrt:nlsdata.obj
 0002:00001520       ??_C@_09BHHEALKD@September?$AA@ 000000018000d520     libucrt:nlsdata.obj
 0002:00001530       ??_C@_07JJNFCEND@October?$AA@ 000000018000d530     libucrt:nlsdata.obj
 0002:00001538       ??_C@_08HCHEGEOA@November?$AA@ 000000018000d538     libucrt:nlsdata.obj
 0002:00001548       ??_C@_08EDHMEBNP@December?$AA@ 000000018000d548     libucrt:nlsdata.obj
 0002:00001554       ??_C@_02DEDBPAFC@AM?$AA@   000000018000d554     libucrt:nlsdata.obj
 0002:00001558       ??_C@_02CJNFDJBF@PM?$AA@   000000018000d558     libucrt:nlsdata.obj
 0002:00001560       ??_C@_08BPBNCDIB@MM?1dd?1yy?$AA@ 000000018000d560     libucrt:nlsdata.obj
 0002:00001570       ??_C@_0BE@CKGJFCPC@dddd?0?5MMMM?5dd?0?5yyyy?$AA@ 000000018000d570     libucrt:nlsdata.obj
 0002:00001588       ??_C@_08JCCMCCIL@HH?3mm?3ss?$AA@ 000000018000d588     libucrt:nlsdata.obj
 0002:00001598       ??_C@_17MBGCMIPB@?$AAS?$AAu?$AAn?$AA?$AA@ 000000018000d598     libucrt:nlsdata.obj
 0002:000015a0       ??_C@_17KBOMKBF@?$AAM?$AAo?$AAn?$AA?$AA@ 000000018000d5a0     libucrt:nlsdata.obj
 0002:000015a8       ??_C@_17BMKGEGOJ@?$AAT?$AAu?$AAe?$AA?$AA@ 000000018000d5a8     libucrt:nlsdata.obj
 0002:000015b0       ??_C@_17CJEDCEPE@?$AAW?$AAe?$AAd?$AA?$AA@ 000000018000d5b0     libucrt:nlsdata.obj
 0002:000015b8       ??_C@_17PDPHAADD@?$AAT?$AAh?$AAu?$AA?$AA@ 000000018000d5b8     libucrt:nlsdata.obj
 0002:000015c0       ??_C@_17HFOLPPLP@?$AAF?$AAr?$AAi?$AA?$AA@ 000000018000d5c0     libucrt:nlsdata.obj
 0002:000015c8       ??_C@_17GGIBDPIH@?$AAS?$AAa?$AAt?$AA?$AA@ 000000018000d5c8     libucrt:nlsdata.obj
 0002:000015d0       ??_C@_1O@IHNHDHPB@?$AAS?$AAu?$AAn?$AAd?$AAa?$AAy?$AA?$AA@ 000000018000d5d0     libucrt:nlsdata.obj
 0002:000015e0       ??_C@_1O@MMNBFLIA@?$AAM?$AAo?$AAn?$AAd?$AAa?$AAy?$AA?$AA@ 000000018000d5e0     libucrt:nlsdata.obj
 0002:000015f0       ??_C@_1BA@ENFBFFEK@?$AAT?$AAu?$AAe?$AAs?$AAd?$AAa?$AAy?$AA?$AA@ 000000018000d5f0     libucrt:nlsdata.obj
 0002:00001600       ??_C@_1BE@EBOGMDOH@?$AAW?$AAe?$AAd?$AAn?$AAe?$AAs?$AAd?$AAa?$AAy?$AA?$AA@ 000000018000d600     libucrt:nlsdata.obj
 0002:00001618       ??_C@_1BC@HHMNLIHE@?$AAT?$AAh?$AAu?$AAr?$AAs?$AAd?$AAa?$AAy?$AA?$AA@ 000000018000d618     libucrt:nlsdata.obj
 0002:00001630       ??_C@_1O@PDICJHAG@?$AAF?$AAr?$AAi?$AAd?$AAa?$AAy?$AA?$AA@ 000000018000d630     libucrt:nlsdata.obj
 0002:00001640       ??_C@_1BC@ENMNNPAJ@?$AAS?$AAa?$AAt?$AAu?$AAr?$AAd?$AAa?$AAy?$AA?$AA@ 000000018000d640     libucrt:nlsdata.obj
 0002:00001658       ??_C@_17DKNBKCHM@?$AAJ?$AAa?$AAn?$AA?$AA@ 000000018000d658     libucrt:nlsdata.obj
 0002:00001660       ??_C@_17LMDJEKJN@?$AAF?$AAe?$AAb?$AA?$AA@ 000000018000d660     libucrt:nlsdata.obj
 0002:00001668       ??_C@_17CKNLEDEC@?$AAM?$AAa?$AAr?$AA?$AA@ 000000018000d668     libucrt:nlsdata.obj
 0002:00001670       ??_C@_17LFPOIHDD@?$AAA?$AAp?$AAr?$AA?$AA@ 000000018000d670     libucrt:nlsdata.obj
 0002:00001678       ??_C@_17PNNKMEED@?$AAM?$AAa?$AAy?$AA?$AA@ 000000018000d678     libucrt:nlsdata.obj
 0002:00001680       ??_C@_17KCJGOCPB@?$AAJ?$AAu?$AAn?$AA?$AA@ 000000018000d680     libucrt:nlsdata.obj
 0002:00001688       ??_C@_17IJPCKHK@?$AAJ?$AAu?$AAl?$AA?$AA@ 000000018000d688     libucrt:nlsdata.obj
 0002:00001690       ??_C@_17ICPELBCN@?$AAA?$AAu?$AAg?$AA?$AA@ 000000018000d690     libucrt:nlsdata.obj
 0002:00001698       ??_C@_17HCHCOKMG@?$AAS?$AAe?$AAp?$AA?$AA@ 000000018000d698     libucrt:nlsdata.obj
 0002:000016a0       ??_C@_17FNLKOI@?$AAO?$AAc?$AAt?$AA?$AA@ 000000018000d6a0     libucrt:nlsdata.obj
 0002:000016a8       ??_C@_17BBDMLCIG@?$AAN?$AAo?$AAv?$AA?$AA@ 000000018000d6a8     libucrt:nlsdata.obj
 0002:000016b0       ??_C@_17EGKACKIF@?$AAD?$AAe?$AAc?$AA?$AA@ 000000018000d6b0     libucrt:nlsdata.obj
 0002:000016b8       ??_C@_1BA@EFMEIEBA@?$AAJ?$AAa?$AAn?$AAu?$AAa?$AAr?$AAy?$AA?$AA@ 000000018000d6b8     libucrt:nlsdata.obj
 0002:000016c8       ??_C@_1BC@JGDDFFAM@?$AAF?$AAe?$AAb?$AAr?$AAu?$AAa?$AAr?$AAy?$AA?$AA@ 000000018000d6c8     libucrt:nlsdata.obj
 0002:000016e0       ??_C@_1M@IKEENEDF@?$AAM?$AAa?$AAr?$AAc?$AAh?$AA?$AA@ 000000018000d6e0     libucrt:nlsdata.obj
 0002:000016f0       ??_C@_1M@GJNLMHFD@?$AAA?$AAp?$AAr?$AAi?$AAl?$AA?$AA@ 000000018000d6f0     libucrt:nlsdata.obj
 0002:00001700       ??_C@_19EPFLPGAP@?$AAJ?$AAu?$AAn?$AAe?$AA?$AA@ 000000018000d700     libucrt:nlsdata.obj
 0002:00001710       ??_C@_19BIFMLPCD@?$AAJ?$AAu?$AAl?$AAy?$AA?$AA@ 000000018000d710     libucrt:nlsdata.obj
 0002:00001720       ??_C@_1O@PAHLKOAC@?$AAA?$AAu?$AAg?$AAu?$AAs?$AAt?$AA?$AA@ 000000018000d720     libucrt:nlsdata.obj
 0002:00001730       ??_C@_1BE@DKAAMBJL@?$AAS?$AAe?$AAp?$AAt?$AAe?$AAm?$AAb?$AAe?$AAr?$AA?$AA@ 000000018000d730     libucrt:nlsdata.obj
 0002:00001748       ??_C@_1BA@EPANDLNG@?$AAO?$AAc?$AAt?$AAo?$AAb?$AAe?$AAr?$AA?$AA@ 000000018000d748     libucrt:nlsdata.obj
 0002:00001758       ??_C@_1BC@BGLIFPF@?$AAN?$AAo?$AAv?$AAe?$AAm?$AAb?$AAe?$AAr?$AA?$AA@ 000000018000d758     libucrt:nlsdata.obj
 0002:00001770       ??_C@_1BC@FEMKIFH@?$AAD?$AAe?$AAc?$AAe?$AAm?$AAb?$AAe?$AAr?$AA?$AA@ 000000018000d770     libucrt:nlsdata.obj
 0002:00001784       ??_C@_15ODEHAHHF@?$AAA?$AAM?$AA?$AA@ 000000018000d784     libucrt:nlsdata.obj
 0002:0000178c       ??_C@_15CLMNNGEL@?$AAP?$AAM?$AA?$AA@ 000000018000d78c     libucrt:nlsdata.obj
 0002:00001798       ??_C@_1BC@IEBCMHCM@?$AAM?$AAM?$AA?1?$AAd?$AAd?$AA?1?$AAy?$AAy?$AA?$AA@ 000000018000d798     libucrt:nlsdata.obj
 0002:000017b0       ??_C@_1CI@KNAKOEBC@?$AAd?$AAd?$AAd?$AAd?$AA?0?$AA?5?$AAM?$AAM?$AAM?$AAM?$AA?5?$AAd?$AAd?$AA?0?$AA?5?$AAy?$AAy?$AAy?$AAy?$AA?$AA@ 000000018000d7b0     libucrt:nlsdata.obj
 0002:000017d8       ??_C@_1BC@GDGBMEMK@?$AAH?$AAH?$AA?3?$AAm?$AAm?$AA?3?$AAs?$AAs?$AA?$AA@ 000000018000d7d8     libucrt:nlsdata.obj
 0002:000017f0       ??_C@_1M@BMHNFIME@?$AAe?$AAn?$AA?9?$AAU?$AAS?$AA?$AA@ 000000018000d7f0     libucrt:nlsdata.obj
 0002:00001820       ??_C@_1M@HPNHIDJI@?$AAj?$AAa?$AA?9?$AAJ?$AAP?$AA?$AA@ 000000018000d820     libucrt:mbctype.obj
 0002:00001830       ??_C@_1M@BIBDDEMK@?$AAz?$AAh?$AA?9?$AAC?$AAN?$AA?$AA@ 000000018000d830     libucrt:mbctype.obj
 0002:00001840       ??_C@_1M@JLOOOEGK@?$AAk?$AAo?$AA?9?$AAK?$AAR?$AA?$AA@ 000000018000d840     libucrt:mbctype.obj
 0002:00001850       ??_C@_1M@CLNBBOPM@?$AAz?$AAh?$AA?9?$AAT?$AAW?$AA?$AA@ 000000018000d850     libucrt:mbctype.obj
 0002:00001900       ??_C@_1EA@JGEFHKEI@?$AAa?$AAp?$AAi?$AA?9?$AAm?$AAs?$AA?9?$AAw?$AAi?$AAn?$AA?9?$AAc?$AAo?$AAr?$AAe?$AA?9?$AAd?$AAa?$AAt?$AAe?$AAt?$AAi?$AAm?$AAe?$AA?9?$AAl?$AA1?$AA?9?$AA1?$AA?9?$AA1?$AA?$AA@ 000000018000d900     libucrt:winapi_thunks.obj
 0002:00001940       ??_C@_1DM@KHCHBNEB@?$AAa?$AAp?$AAi?$AA?9?$AAm?$AAs?$AA?9?$AAw?$AAi?$AAn?$AA?9?$AAc?$AAo?$AAr?$AAe?$AA?9?$AAf?$AAi?$AAb?$AAe?$AAr?$AAs?$AA?9?$AAl?$AA1?$AA?9?$AA1?$AA?9?$AA1?$AA?$AA@ 000000018000d940     libucrt:winapi_thunks.obj
 0002:00001980       ??_C@_1DI@IJCEHOCB@?$AAa?$AAp?$AAi?$AA?9?$AAm?$AAs?$AA?9?$AAw?$AAi?$AAn?$AA?9?$AAc?$AAo?$AAr?$AAe?$AA?9?$AAf?$AAi?$AAl?$AAe?$AA?9?$AAl?$AA1?$AA?9?$AA2?$AA?9?$AA2?$AA?$AA@ 000000018000d980     libucrt:winapi_thunks.obj
 0002:000019c0       ??_C@_1EI@MPIAOHOC@?$AAa?$AAp?$AAi?$AA?9?$AAm?$AAs?$AA?9?$AAw?$AAi?$AAn?$AA?9?$AAc?$AAo?$AAr?$AAe?$AA?9?$AAl?$AAo?$AAc?$AAa?$AAl?$AAi?$AAz?$AAa?$AAt?$AAi?$AAo?$AAn?$AA?9?$AAl?$AA1?$AA?9@ 000000018000d9c0     libucrt:winapi_thunks.obj
 0002:00001a10       ??_C@_1FK@FPHCKFIE@?$AAa?$AAp?$AAi?$AA?9?$AAm?$AAs?$AA?9?$AAw?$AAi?$AAn?$AA?9?$AAc?$AAo?$AAr?$AAe?$AA?9?$AAl?$AAo?$AAc?$AAa?$AAl?$AAi?$AAz?$AAa?$AAt?$AAi?$AAo?$AAn?$AA?9?$AAo?$AAb?$AAs@ 000000018000da10     libucrt:winapi_thunks.obj
 0002:00001a70       ??_C@_1EM@DILCGIIO@?$AAa?$AAp?$AAi?$AA?9?$AAm?$AAs?$AA?9?$AAw?$AAi?$AAn?$AA?9?$AAc?$AAo?$AAr?$AAe?$AA?9?$AAp?$AAr?$AAo?$AAc?$AAe?$AAs?$AAs?$AAt?$AAh?$AAr?$AAe?$AAa?$AAd?$AAs?$AA?9?$AAl@ 000000018000da70     libucrt:winapi_thunks.obj
 0002:00001ac0       ??_C@_1DM@LNCGDDPN@?$AAa?$AAp?$AAi?$AA?9?$AAm?$AAs?$AA?9?$AAw?$AAi?$AAn?$AA?9?$AAc?$AAo?$AAr?$AAe?$AA?9?$AAs?$AAt?$AAr?$AAi?$AAn?$AAg?$AA?9?$AAl?$AA1?$AA?9?$AA1?$AA?9?$AA0?$AA?$AA@ 000000018000dac0     libucrt:winapi_thunks.obj
 0002:00001b00       ??_C@_1DK@LPPGFMPP@?$AAa?$AAp?$AAi?$AA?9?$AAm?$AAs?$AA?9?$AAw?$AAi?$AAn?$AA?9?$AAc?$AAo?$AAr?$AAe?$AA?9?$AAs?$AAy?$AAn?$AAc?$AAh?$AA?9?$AAl?$AA1?$AA?9?$AA2?$AA?9?$AA0?$AA?$AA@ 000000018000db00     libucrt:winapi_thunks.obj
 0002:00001b40       ??_C@_1DO@FPAPJEMD@?$AAa?$AAp?$AAi?$AA?9?$AAm?$AAs?$AA?9?$AAw?$AAi?$AAn?$AA?9?$AAc?$AAo?$AAr?$AAe?$AA?9?$AAs?$AAy?$AAs?$AAi?$AAn?$AAf?$AAo?$AA?9?$AAl?$AA1?$AA?9?$AA2?$AA?9?$AA1?$AA?$AA@ 000000018000db40     libucrt:winapi_thunks.obj
 0002:00001b80       ??_C@_1DK@NDHNAHIO@?$AAa?$AAp?$AAi?$AA?9?$AAm?$AAs?$AA?9?$AAw?$AAi?$AAn?$AA?9?$AAc?$AAo?$AAr?$AAe?$AA?9?$AAw?$AAi?$AAn?$AAr?$AAt?$AA?9?$AAl?$AA1?$AA?9?$AA1?$AA?9?$AA0?$AA?$AA@ 000000018000db80     libucrt:winapi_thunks.obj
 0002:00001bc0       ??_C@_1DM@KGHDGBCM@?$AAa?$AAp?$AAi?$AA?9?$AAm?$AAs?$AA?9?$AAw?$AAi?$AAn?$AA?9?$AAc?$AAo?$AAr?$AAe?$AA?9?$AAx?$AAs?$AAt?$AAa?$AAt?$AAe?$AA?9?$AAl?$AA2?$AA?9?$AA1?$AA?9?$AA0?$AA?$AA@ 000000018000dbc0     libucrt:winapi_thunks.obj
 0002:00001c00       ??_C@_1EO@IJIOEFOH@?$AAa?$AAp?$AAi?$AA?9?$AAm?$AAs?$AA?9?$AAw?$AAi?$AAn?$AA?9?$AAr?$AAt?$AAc?$AAo?$AAr?$AAe?$AA?9?$AAn?$AAt?$AAu?$AAs?$AAe?$AAr?$AA?9?$AAw?$AAi?$AAn?$AAd?$AAo?$AAw?$AA?9@ 000000018000dc00     libucrt:winapi_thunks.obj
 0002:00001c50       ??_C@_1FG@HHGEKANL@?$AAa?$AAp?$AAi?$AA?9?$AAm?$AAs?$AA?9?$AAw?$AAi?$AAn?$AA?9?$AAs?$AAe?$AAc?$AAu?$AAr?$AAi?$AAt?$AAy?$AA?9?$AAs?$AAy?$AAs?$AAt?$AAe?$AAm?$AAf?$AAu?$AAn?$AAc?$AAt?$AAi@ 000000018000dc50     libucrt:winapi_thunks.obj
 0002:00001cb0       ??_C@_1EG@DBIOJECG@?$AAe?$AAx?$AAt?$AA?9?$AAm?$AAs?$AA?9?$AAw?$AAi?$AAn?$AA?9?$AAn?$AAt?$AAu?$AAs?$AAe?$AAr?$AA?9?$AAd?$AAi?$AAa?$AAl?$AAo?$AAg?$AAb?$AAo?$AAx?$AA?9?$AAl?$AA1?$AA?9?$AA1@ 000000018000dcb0     libucrt:winapi_thunks.obj
 0002:00001d00       ??_C@_1EO@FIHMJCLF@?$AAe?$AAx?$AAt?$AA?9?$AAm?$AAs?$AA?9?$AAw?$AAi?$AAn?$AA?9?$AAn?$AAt?$AAu?$AAs?$AAe?$AAr?$AA?9?$AAw?$AAi?$AAn?$AAd?$AAo?$AAw?$AAs?$AAt?$AAa?$AAt?$AAi?$AAo?$AAn?$AA?9@ 000000018000dd00     libucrt:winapi_thunks.obj
 0002:00001d50       ??_C@_1BC@DNHGCMLG@?$AAa?$AAd?$AAv?$AAa?$AAp?$AAi?$AA3?$AA2?$AA?$AA@ 000000018000dd50     libucrt:winapi_thunks.obj
 0002:00001d68       ??_C@_1BC@GDMECMAK@?$AAk?$AAe?$AAr?$AAn?$AAe?$AAl?$AA3?$AA2?$AA?$AA@ 000000018000dd68     libucrt:winapi_thunks.obj
 0002:00001d80       ??_C@_1M@OAIMIKLP@?$AAn?$AAt?$AAd?$AAl?$AAl?$AA?$AA@ 000000018000dd80     libucrt:winapi_thunks.obj
 0002:00001d90       ??_C@_1EG@DPGNFKGC@?$AAa?$AAp?$AAi?$AA?9?$AAm?$AAs?$AA?9?$AAw?$AAi?$AAn?$AA?9?$AAa?$AAp?$AAp?$AAm?$AAo?$AAd?$AAe?$AAl?$AA?9?$AAr?$AAu?$AAn?$AAt?$AAi?$AAm?$AAe?$AA?9?$AAl?$AA1?$AA?9?$AA1@ 000000018000dd90     libucrt:winapi_thunks.obj
 0002:00001dd8       ??_C@_1O@BCCLBEOE@?$AAu?$AAs?$AAe?$AAr?$AA3?$AA2?$AA?$AA@ 000000018000ddd8     libucrt:winapi_thunks.obj
 0002:00001de8       ??_C@_1BA@PFFKHIOG@?$AAa?$AAp?$AAi?$AA?9?$AAm?$AAs?$AA?9?$AA?$AA@ 000000018000dde8     libucrt:winapi_thunks.obj
 0002:00001df8       ??_C@_1BA@IAIFMGEF@?$AAe?$AAx?$AAt?$AA?9?$AAm?$AAs?$AA?9?$AA?$AA@ 000000018000ddf8     libucrt:winapi_thunks.obj
 0002:00001e10       ??_C@_08KNHFBNJ@FlsAlloc?$AA@ 000000018000de10     libucrt:winapi_thunks.obj
 0002:00001e28       ??_C@_07PEJMOBNF@FlsFree?$AA@ 000000018000de28     libucrt:winapi_thunks.obj
 0002:00001e38       ??_C@_0M@GDNOONDI@FlsGetValue?$AA@ 000000018000de38     libucrt:winapi_thunks.obj
 0002:00001e50       ??_C@_0M@JCPCPOEF@FlsSetValue?$AA@ 000000018000de50     libucrt:winapi_thunks.obj
 0002:00001e68       ??_C@_0BM@HCFOFFN@InitializeCriticalSectionEx?$AA@ 000000018000de68     libucrt:winapi_thunks.obj
 0002:00001e90       ??_C@_0O@KKBNKAPF@LCMapStringEx?$AA@ 000000018000de90     libucrt:winapi_thunks.obj
 0002:00001ea8       ??_C@_0BB@HBDEELFH@LocaleNameToLCID?$AA@ 000000018000dea8     libucrt:winapi_thunks.obj
 0002:00001ec0       ??_C@_0CF@OJOFEIGO@AppPolicyGetProcessTerminationMe@ 000000018000dec0     libucrt:winapi_thunks.obj
 0002:00001ef0       __newctype                 000000018000def0     libucrt:ctype.obj
 0002:000021f0       __newclmap                 000000018000e1f0     libucrt:ctype.obj
 0002:00002370       __newcumap                 000000018000e370     libucrt:ctype.obj
 0002:000024f0       ??_C@_15PJPFLCCM@?$AAu?$AAk?$AA?$AA@ 000000018000e4f0     libucrt:get_qualified_locale.obj
 0002:000024f8       ??_C@_1M@BJNKEDC@?$AAc?$AAa?$AA?9?$AAE?$AAS?$AA?$AA@ 000000018000e4f8     libucrt:lcidtoname_downlevel.obj
 0002:00002508       ??_C@_1M@IJJHFJHA@?$AAc?$AAs?$AA?9?$AAC?$AAZ?$AA?$AA@ 000000018000e508     libucrt:lcidtoname_downlevel.obj
 0002:00002518       ??_C@_1M@CLPEOBGI@?$AAd?$AAa?$AA?9?$AAD?$AAK?$AA?$AA@ 000000018000e518     libucrt:lcidtoname_downlevel.obj
 0002:00002528       ??_C@_1M@MCMADGCB@?$AAd?$AAe?$AA?9?$AAD?$AAE?$AA?$AA@ 000000018000e528     libucrt:lcidtoname_downlevel.obj
 0002:00002538       ??_C@_1M@OOCKEMAM@?$AAe?$AAl?$AA?9?$AAG?$AAR?$AA?$AA@ 000000018000e538     libucrt:lcidtoname_downlevel.obj
 0002:00002548       ??_C@_1M@DDNJFGID@?$AAf?$AAi?$AA?9?$AAF?$AAI?$AA?$AA@ 000000018000e548     libucrt:lcidtoname_downlevel.obj
 0002:00002558       ??_C@_1M@GLIPPMAC@?$AAf?$AAr?$AA?9?$AAF?$AAR?$AA?$AA@ 000000018000e558     libucrt:lcidtoname_downlevel.obj
 0002:00002568       ??_C@_1M@GFMCHPE@?$AAh?$AAe?$AA?9?$AAI?$AAL?$AA?$AA@ 000000018000e568     libucrt:lcidtoname_downlevel.obj
 0002:00002578       ??_C@_1M@MHLPGNKM@?$AAh?$AAu?$AA?9?$AAH?$AAU?$AA?$AA@ 000000018000e578     libucrt:lcidtoname_downlevel.obj
 0002:00002588       ??_C@_1M@LPDDNNPN@?$AAi?$AAs?$AA?9?$AAI?$AAS?$AA?$AA@ 000000018000e588     libucrt:lcidtoname_downlevel.obj
 0002:00002598       ??_C@_1M@MADIPODN@?$AAi?$AAt?$AA?9?$AAI?$AAT?$AA?$AA@ 000000018000e598     libucrt:lcidtoname_downlevel.obj
 0002:000025a8       ??_C@_1M@IHBJJGG@?$AAn?$AAl?$AA?9?$AAN?$AAL?$AA?$AA@ 000000018000e5a8     libucrt:lcidtoname_downlevel.obj
 0002:000025b8       ??_C@_1M@EANAGDL@?$AAn?$AAb?$AA?9?$AAN?$AAO?$AA?$AA@ 000000018000e5b8     libucrt:lcidtoname_downlevel.obj
 0002:000025c8       ??_C@_1M@NEIEMEGP@?$AAp?$AAl?$AA?9?$AAP?$AAL?$AA?$AA@ 000000018000e5c8     libucrt:lcidtoname_downlevel.obj
 0002:000025d8       ??_C@_1M@BOCFIGEP@?$AAp?$AAt?$AA?9?$AAB?$AAR?$AA?$AA@ 000000018000e5d8     libucrt:lcidtoname_downlevel.obj
 0002:000025e8       ??_C@_1M@IMPFOPBG@?$AAr?$AAo?$AA?9?$AAR?$AAO?$AA?$AA@ 000000018000e5e8     libucrt:lcidtoname_downlevel.obj
 0002:000025f8       ??_C@_1M@IDNNEJMM@?$AAr?$AAu?$AA?9?$AAR?$AAU?$AA?$AA@ 000000018000e5f8     libucrt:lcidtoname_downlevel.obj
 0002:00002608       ??_C@_1M@LILEEOGM@?$AAh?$AAr?$AA?9?$AAH?$AAR?$AA?$AA@ 000000018000e608     libucrt:lcidtoname_downlevel.obj
 0002:00002618       ??_C@_1M@FKIFEHPB@?$AAs?$AAk?$AA?9?$AAS?$AAK?$AA?$AA@ 000000018000e618     libucrt:lcidtoname_downlevel.obj
 0002:00002628       ??_C@_1M@LJMAMNPJ@?$AAs?$AAq?$AA?9?$AAA?$AAL?$AA?$AA@ 000000018000e628     libucrt:lcidtoname_downlevel.obj
 0002:00002638       ??_C@_1M@GIAKDKJK@?$AAs?$AAv?$AA?9?$AAS?$AAE?$AA?$AA@ 000000018000e638     libucrt:lcidtoname_downlevel.obj
 0002:00002648       ??_C@_1M@MKJKIKCL@?$AAt?$AAh?$AA?9?$AAT?$AAH?$AA?$AA@ 000000018000e648     libucrt:lcidtoname_downlevel.obj
 0002:00002658       ??_C@_1M@MFLCCMPB@?$AAt?$AAr?$AA?9?$AAT?$AAR?$AA?$AA@ 000000018000e658     libucrt:lcidtoname_downlevel.obj
 0002:00002668       ??_C@_1M@OIJHDKJN@?$AAu?$AAr?$AA?9?$AAP?$AAK?$AA?$AA@ 000000018000e668     libucrt:lcidtoname_downlevel.obj
 0002:00002678       ??_C@_1M@LHIPCIEK@?$AAi?$AAd?$AA?9?$AAI?$AAD?$AA?$AA@ 000000018000e678     libucrt:lcidtoname_downlevel.obj
 0002:00002688       ??_C@_1M@MFMOBGI@?$AAu?$AAk?$AA?9?$AAU?$AAA?$AA?$AA@ 000000018000e688     libucrt:lcidtoname_downlevel.obj
 0002:00002698       ??_C@_1M@OBGLJIPL@?$AAb?$AAe?$AA?9?$AAB?$AAY?$AA?$AA@ 000000018000e698     libucrt:lcidtoname_downlevel.obj
 0002:000026a8       ??_C@_1M@BCFAJEAD@?$AAs?$AAl?$AA?9?$AAS?$AAI?$AA?$AA@ 000000018000e6a8     libucrt:lcidtoname_downlevel.obj
 0002:000026b8       ??_C@_1M@FKFFEDDN@?$AAe?$AAt?$AA?9?$AAE?$AAE?$AA?$AA@ 000000018000e6b8     libucrt:lcidtoname_downlevel.obj
 0002:000026c8       ??_C@_1M@KGKKAACI@?$AAl?$AAv?$AA?9?$AAL?$AAV?$AA?$AA@ 000000018000e6c8     libucrt:lcidtoname_downlevel.obj
 0002:000026d8       ??_C@_1M@IFGBIJO@?$AAl?$AAt?$AA?9?$AAL?$AAT?$AA?$AA@ 000000018000e6d8     libucrt:lcidtoname_downlevel.obj
 0002:000026e8       ??_C@_1M@FGEAHEDM@?$AAf?$AAa?$AA?9?$AAI?$AAR?$AA?$AA@ 000000018000e6e8     libucrt:lcidtoname_downlevel.obj
 0002:000026f8       ??_C@_1M@KBMAIBFN@?$AAv?$AAi?$AA?9?$AAV?$AAN?$AA?$AA@ 000000018000e6f8     libucrt:lcidtoname_downlevel.obj
 0002:00002708       ??_C@_1M@GPCBKDJK@?$AAh?$AAy?$AA?9?$AAA?$AAM?$AA?$AA@ 000000018000e708     libucrt:lcidtoname_downlevel.obj
 0002:00002718       ??_C@_1BG@BECMDDJB@?$AAa?$AAz?$AA?9?$AAA?$AAZ?$AA?9?$AAL?$AAa?$AAt?$AAn?$AA?$AA@ 000000018000e718     libucrt:lcidtoname_downlevel.obj
 0002:00002730       ??_C@_1M@MAOFCAEA@?$AAe?$AAu?$AA?9?$AAE?$AAS?$AA?$AA@ 000000018000e730     libucrt:lcidtoname_downlevel.obj
 0002:00002740       ??_C@_1M@IGHABKPI@?$AAm?$AAk?$AA?9?$AAM?$AAK?$AA?$AA@ 000000018000e740     libucrt:lcidtoname_downlevel.obj
 0002:00002750       ??_C@_1M@IAIGNEJG@?$AAt?$AAn?$AA?9?$AAZ?$AAA?$AA?$AA@ 000000018000e750     libucrt:lcidtoname_downlevel.obj
 0002:00002760       ??_C@_1M@IIJCOJFA@?$AAx?$AAh?$AA?9?$AAZ?$AAA?$AA?$AA@ 000000018000e760     libucrt:lcidtoname_downlevel.obj
 0002:00002770       ??_C@_1M@LGPJHNJH@?$AAz?$AAu?$AA?9?$AAZ?$AAA?$AA?$AA@ 000000018000e770     libucrt:lcidtoname_downlevel.obj
 0002:00002780       ??_C@_1M@HOKAOIO@?$AAa?$AAf?$AA?9?$AAZ?$AAA?$AA?$AA@ 000000018000e780     libucrt:lcidtoname_downlevel.obj
 0002:00002790       ??_C@_1M@DPCLHLIE@?$AAk?$AAa?$AA?9?$AAG?$AAE?$AA?$AA@ 000000018000e790     libucrt:lcidtoname_downlevel.obj
 0002:000027a0       ??_C@_1M@BLKMHJBI@?$AAf?$AAo?$AA?9?$AAF?$AAO?$AA?$AA@ 000000018000e7a0     libucrt:lcidtoname_downlevel.obj
 0002:000027b0       ??_C@_1M@LGGJAPPB@?$AAh?$AAi?$AA?9?$AAI?$AAN?$AA?$AA@ 000000018000e7b0     libucrt:lcidtoname_downlevel.obj
 0002:000027c0       ??_C@_1M@FIKPIHFE@?$AAm?$AAt?$AA?9?$AAM?$AAT?$AA?$AA@ 000000018000e7c0     libucrt:lcidtoname_downlevel.obj
 0002:000027d0       ??_C@_1M@HEGGPBFA@?$AAs?$AAe?$AA?9?$AAN?$AAO?$AA?$AA@ 000000018000e7d0     libucrt:lcidtoname_downlevel.obj
 0002:000027e0       ??_C@_1M@EIBJEEPA@?$AAm?$AAs?$AA?9?$AAM?$AAY?$AA?$AA@ 000000018000e7e0     libucrt:lcidtoname_downlevel.obj
 0002:000027f0       ??_C@_1M@FHLBGMPP@?$AAk?$AAk?$AA?9?$AAK?$AAZ?$AA?$AA@ 000000018000e7f0     libucrt:lcidtoname_downlevel.obj
 0002:00002800       ??_C@_1M@NGJJLCGI@?$AAk?$AAy?$AA?9?$AAK?$AAG?$AA?$AA@ 000000018000e800     libucrt:lcidtoname_downlevel.obj
 0002:00002810       ??_C@_1M@GIENNBFC@?$AAs?$AAw?$AA?9?$AAK?$AAE?$AA?$AA@ 000000018000e810     libucrt:lcidtoname_downlevel.obj
 0002:00002820       ??_C@_1BG@NDGMJIMJ@?$AAu?$AAz?$AA?9?$AAU?$AAZ?$AA?9?$AAL?$AAa?$AAt?$AAn?$AA?$AA@ 000000018000e820     libucrt:lcidtoname_downlevel.obj
 0002:00002838       ??_C@_1M@IDCCIHBC@?$AAt?$AAt?$AA?9?$AAR?$AAU?$AA?$AA@ 000000018000e838     libucrt:lcidtoname_downlevel.obj
 0002:00002848       ??_C@_1M@LOICPMOJ@?$AAb?$AAn?$AA?9?$AAI?$AAN?$AA?$AA@ 000000018000e848     libucrt:lcidtoname_downlevel.obj
 0002:00002858       ??_C@_1M@KPKKNEAH@?$AAp?$AAa?$AA?9?$AAI?$AAN?$AA?$AA@ 000000018000e858     libucrt:lcidtoname_downlevel.obj
 0002:00002868       ??_C@_1M@PJGPPBOG@?$AAg?$AAu?$AA?9?$AAI?$AAN?$AA?$AA@ 000000018000e868     libucrt:lcidtoname_downlevel.obj
 0002:00002878       ??_C@_1M@KMKMOPHI@?$AAt?$AAa?$AA?9?$AAI?$AAN?$AA?$AA@ 000000018000e878     libucrt:lcidtoname_downlevel.obj
 0002:00002888       ??_C@_1M@KFEHEPAC@?$AAt?$AAe?$AA?9?$AAI?$AAN?$AA?$AA@ 000000018000e888     libucrt:lcidtoname_downlevel.obj
 0002:00002898       ??_C@_1M@CDCLMGHI@?$AAk?$AAn?$AA?9?$AAI?$AAN?$AA?$AA@ 000000018000e898     libucrt:lcidtoname_downlevel.obj
 0002:000028a8       ??_C@_1M@MIODLDKF@?$AAm?$AAl?$AA?9?$AAI?$AAN?$AA?$AA@ 000000018000e8a8     libucrt:lcidtoname_downlevel.obj
 0002:000028b8       ??_C@_1M@PBIEACPO@?$AAm?$AAr?$AA?9?$AAI?$AAN?$AA?$AA@ 000000018000e8b8     libucrt:lcidtoname_downlevel.obj
 0002:000028c8       ??_C@_1M@NIDEAGPH@?$AAs?$AAa?$AA?9?$AAI?$AAN?$AA?$AA@ 000000018000e8c8     libucrt:lcidtoname_downlevel.obj
 0002:000028d8       ??_C@_1M@FHIHCBIO@?$AAm?$AAn?$AA?9?$AAM?$AAN?$AA?$AA@ 000000018000e8d8     libucrt:lcidtoname_downlevel.obj
 0002:000028e8       ??_C@_1M@JAIJPENP@?$AAc?$AAy?$AA?9?$AAG?$AAB?$AA?$AA@ 000000018000e8e8     libucrt:lcidtoname_downlevel.obj
 0002:000028f8       ??_C@_1M@PHGFBEPN@?$AAg?$AAl?$AA?9?$AAE?$AAS?$AA?$AA@ 000000018000e8f8     libucrt:lcidtoname_downlevel.obj
 0002:00002908       ??_C@_1O@KPIPDNCP@?$AAk?$AAo?$AAk?$AA?9?$AAI?$AAN?$AA?$AA@ 000000018000e908     libucrt:lcidtoname_downlevel.obj
 0002:00002918       ??_C@_1O@KNHJLDJA@?$AAs?$AAy?$AAr?$AA?9?$AAS?$AAY?$AA?$AA@ 000000018000e918     libucrt:lcidtoname_downlevel.obj
 0002:00002928       ??_C@_1O@MKEKBLAH@?$AAd?$AAi?$AAv?$AA?9?$AAM?$AAV?$AA?$AA@ 000000018000e928     libucrt:lcidtoname_downlevel.obj
 0002:00002938       ??_C@_1O@OHDCKDDF@?$AAq?$AAu?$AAz?$AA?9?$AAB?$AAO?$AA?$AA@ 000000018000e938     libucrt:lcidtoname_downlevel.obj
 0002:00002948       ??_C@_1M@LEPJNLFD@?$AAn?$AAs?$AA?9?$AAZ?$AAA?$AA?$AA@ 000000018000e948     libucrt:lcidtoname_downlevel.obj
 0002:00002958       ??_C@_1M@OMLEIIJB@?$AAm?$AAi?$AA?9?$AAN?$AAZ?$AA?$AA@ 000000018000e958     libucrt:lcidtoname_downlevel.obj
 0002:00002968       ??_C@_1M@PMPEAILG@?$AAa?$AAr?$AA?9?$AAI?$AAQ?$AA?$AA@ 000000018000e968     libucrt:lcidtoname_downlevel.obj
 0002:00002978       ??_C@_1M@CNKPNOEE@?$AAd?$AAe?$AA?9?$AAC?$AAH?$AA?$AA@ 000000018000e978     libucrt:lcidtoname_downlevel.obj
 0002:00002988       ??_C@_1M@LKMGMLKO@?$AAe?$AAn?$AA?9?$AAG?$AAB?$AA?$AA@ 000000018000e988     libucrt:lcidtoname_downlevel.obj
 0002:00002998       ??_C@_1M@PGKJFFGL@?$AAe?$AAs?$AA?9?$AAM?$AAX?$AA?$AA@ 000000018000e998     libucrt:lcidtoname_downlevel.obj
 0002:000029a8       ??_C@_1M@DNNANBDC@?$AAf?$AAr?$AA?9?$AAB?$AAE?$AA?$AA@ 000000018000e9a8     libucrt:lcidtoname_downlevel.obj
 0002:000029b8       ??_C@_1M@HLGMDFHM@?$AAi?$AAt?$AA?9?$AAC?$AAH?$AA?$AA@ 000000018000e9b8     libucrt:lcidtoname_downlevel.obj
 0002:000029c8       ??_C@_1M@CLLBGJH@?$AAn?$AAl?$AA?9?$AAB?$AAE?$AA?$AA@ 000000018000e9c8     libucrt:lcidtoname_downlevel.obj
 0002:000029d8       ??_C@_1M@BODBOGLF@?$AAn?$AAn?$AA?9?$AAN?$AAO?$AA?$AA@ 000000018000e9d8     libucrt:lcidtoname_downlevel.obj
 0002:000029e8       ??_C@_1M@HFFAHKAD@?$AAp?$AAt?$AA?9?$AAP?$AAT?$AA?$AA@ 000000018000e9e8     libucrt:lcidtoname_downlevel.obj
 0002:000029f8       ??_C@_1BG@LNOAKHIE@?$AAs?$AAr?$AA?9?$AAS?$AAP?$AA?9?$AAL?$AAa?$AAt?$AAn?$AA?$AA@ 000000018000e9f8     libucrt:lcidtoname_downlevel.obj
 0002:00002a10       ??_C@_1M@HBMHBGAK@?$AAs?$AAv?$AA?9?$AAF?$AAI?$AA?$AA@ 000000018000ea10     libucrt:lcidtoname_downlevel.obj
 0002:00002a20       ??_C@_1BG@DGCJGJBE@?$AAa?$AAz?$AA?9?$AAA?$AAZ?$AA?9?$AAC?$AAy?$AAr?$AAl?$AA?$AA@ 000000018000ea20     libucrt:lcidtoname_downlevel.obj
 0002:00002a38       ??_C@_1M@KEJDAAHB@?$AAs?$AAe?$AA?9?$AAS?$AAE?$AA?$AA@ 000000018000ea38     libucrt:lcidtoname_downlevel.obj
 0002:00002a48       ??_C@_1M@HEIBJJAD@?$AAm?$AAs?$AA?9?$AAB?$AAN?$AA?$AA@ 000000018000ea48     libucrt:lcidtoname_downlevel.obj
 0002:00002a58       ??_C@_1BG@PBGJMCEM@?$AAu?$AAz?$AA?9?$AAU?$AAZ?$AA?9?$AAC?$AAy?$AAr?$AAl?$AA?$AA@ 000000018000ea58     libucrt:lcidtoname_downlevel.obj
 0002:00002a70       ??_C@_1O@LAOBCMDF@?$AAq?$AAu?$AAz?$AA?9?$AAE?$AAC?$AA?$AA@ 000000018000ea70     libucrt:lcidtoname_downlevel.obj
 0002:00002a80       ??_C@_1M@POEEMAIO@?$AAa?$AAr?$AA?9?$AAE?$AAG?$AA?$AA@ 000000018000ea80     libucrt:lcidtoname_downlevel.obj
 0002:00002a90       ??_C@_1M@EFAKDEDL@?$AAz?$AAh?$AA?9?$AAH?$AAK?$AA?$AA@ 000000018000ea90     libucrt:lcidtoname_downlevel.obj
 0002:00002aa0       ??_C@_1M@HKKIJHGI@?$AAd?$AAe?$AA?9?$AAA?$AAT?$AA?$AA@ 000000018000eaa0     libucrt:lcidtoname_downlevel.obj
 0002:00002ab0       ??_C@_1M@KBFBEHJF@?$AAe?$AAn?$AA?9?$AAA?$AAU?$AA?$AA@ 000000018000eab0     libucrt:lcidtoname_downlevel.obj
 0002:00002ac0       ??_C@_1M@MNPLFAAH@?$AAe?$AAs?$AA?9?$AAE?$AAS?$AA?$AA@ 000000018000eac0     libucrt:lcidtoname_downlevel.obj
 0002:00002ad0       ??_C@_1M@HJOOJFMA@?$AAf?$AAr?$AA?9?$AAC?$AAA?$AA?$AA@ 000000018000ead0     libucrt:lcidtoname_downlevel.obj
 0002:00002ae0       ??_C@_1BG@JPOFPNAB@?$AAs?$AAr?$AA?9?$AAS?$AAP?$AA?9?$AAC?$AAy?$AAr?$AAl?$AA?$AA@ 000000018000eae0     libucrt:lcidtoname_downlevel.obj
 0002:00002af8       ??_C@_1M@LNFOCMOB@?$AAs?$AAe?$AA?9?$AAF?$AAI?$AA?$AA@ 000000018000eaf8     libucrt:lcidtoname_downlevel.obj
 0002:00002b08       ??_C@_1O@MGJBOAMB@?$AAq?$AAu?$AAz?$AA?9?$AAP?$AAE?$AA?$AA@ 000000018000eb08     libucrt:lcidtoname_downlevel.obj
 0002:00002b18       ??_C@_1M@GJINLBOK@?$AAa?$AAr?$AA?9?$AAL?$AAY?$AA?$AA@ 000000018000eb18     libucrt:lcidtoname_downlevel.obj
 0002:00002b28       ??_C@_1M@GGMNHJNL@?$AAz?$AAh?$AA?9?$AAS?$AAG?$AA?$AA@ 000000018000eb28     libucrt:lcidtoname_downlevel.obj
 0002:00002b38       ??_C@_1M@HOIKODND@?$AAd?$AAe?$AA?9?$AAL?$AAU?$AA?$AA@ 000000018000eb38     libucrt:lcidtoname_downlevel.obj
 0002:00002b48       ??_C@_1M@DDOCCGFG@?$AAe?$AAn?$AA?9?$AAC?$AAA?$AA?$AA@ 000000018000eb48     libucrt:lcidtoname_downlevel.obj
 0002:00002b58       ??_C@_1M@BNOEMJLF@?$AAe?$AAs?$AA?9?$AAG?$AAT?$AA?$AA@ 000000018000eb58     libucrt:lcidtoname_downlevel.obj
 0002:00002b68       ??_C@_1M@EOGNKEK@?$AAf?$AAr?$AA?9?$AAC?$AAH?$AA?$AA@ 000000018000eb68     libucrt:lcidtoname_downlevel.obj
 0002:00002b78       ??_C@_1M@FLIDJFHL@?$AAh?$AAr?$AA?9?$AAB?$AAA?$AA?$AA@ 000000018000eb78     libucrt:lcidtoname_downlevel.obj
 0002:00002b88       ??_C@_1O@FMCELNAJ@?$AAs?$AAm?$AAj?$AA?9?$AAN?$AAO?$AA?$AA@ 000000018000eb88     libucrt:lcidtoname_downlevel.obj
[...]
 0004:000006f0       $pdata$__acrt_initialize_command_line 00000001800176f0     libucrt:argv_data.obj
 0004:000006fc       $pdata$__dcrt_get_narrow_environment_from_os 00000001800176fc     libucrt:get_environment_from_os.obj
 0004:00000708       $pdata$_recalloc_base      0000000180017708     libucrt:recalloc.obj
 0004:00000714       $pdata$?try_get_function@@YAPEAXW4function_id@?A0x391cf84c@@QEBDQEBW4module_id@2@2@Z 0000000180017714     libucrt:winapi_thunks.obj
 0004:00000720       $pdata$__acrt_AppPolicyGetProcessTerminationMethodInternal 0000000180017720     libucrt:winapi_thunks.obj
 0004:0000072c       $pdata$__acrt_FlsAlloc     000000018001772c     libucrt:winapi_thunks.obj
 0004:00000738       $pdata$__acrt_FlsFree      0000000180017738     libucrt:winapi_thunks.obj
 0004:00000744       $pdata$__acrt_FlsGetValue  0000000180017744     libucrt:winapi_thunks.obj
 0004:00000750       $pdata$__acrt_FlsSetValue  0000000180017750     libucrt:winapi_thunks.obj
 0004:0000075c       $pdata$__acrt_InitializeCriticalSectionEx 000000018001775c     libucrt:winapi_thunks.obj
 0004:00000768       $pdata$__acrt_LCMapStringEx 0000000180017768     libucrt:winapi_thunks.obj
 0004:00000774       $pdata$__acrt_LocaleNameToLCID 0000000180017774     libucrt:winapi_thunks.obj
 0004:00000780       $pdata$__acrt_initialize_winapi_thunks 0000000180017780     libucrt:winapi_thunks.obj
 0004:0000078c       $pdata$__acrt_uninitialize_winapi_thunks 000000018001778c     libucrt:winapi_thunks.obj
 0004:00000798       $pdata$__acrt_initialize_heap 0000000180017798     libucrt:heap_handle.obj
 0004:000007a4       $pdata$?initialize_inherited_file_handles_nolock@@YAXXZ 00000001800177a4     libucrt:ioinit.obj
 0004:000007b0       $pdata$?initialize_stdio_handles_nolock@@YAXXZ 00000001800177b0     libucrt:ioinit.obj
 0004:000007bc       $pdata$__acrt_initialize_lowio 00000001800177bc     libucrt:ioinit.obj
 0004:000007c8       $pdata$__acrt_uninitialize_lowio 00000001800177c8     libucrt:ioinit.obj
 0004:000007d4       $pdata$__acrt_execute_initializers 00000001800177d4     libucrt:shared_initialization.obj
 0004:000007e0       $pdata$__acrt_execute_uninitializers 00000001800177e0     libucrt:shared_initialization.obj
 0004:000007ec       $pdata$_callnewh           00000001800177ec     libucrt:new_handler.obj
 0004:000007f8       $pdata$_query_new_handler  00000001800177f8     libucrt:new_handler.obj
 0004:00000804       $pdata$??$?RV<lambda_450d765d439847d4c735a33c368b5fc0>@@AEAV<lambda_44731a7d0e6d81c3e6aa82d741081786>@@V<lambda_601a2a7da3b7a96e9554ac7215c4b07c>@@@?$__crt_seh_guarded_call@P6AXH@Z@@QEAAP6AXH@Z$$QEAV<lambda_450d765d439847d4c735a33c368b5fc0>@@AEAV<lambda_44731a7d0e6d81c3e6aa82d741081786>@@$$QEAV<lambda_601a2a7da3b7a96e9554ac7215c4b07c>@@@Z 0000000180017804     libucrt:signal.obj
 0004:00000810       $pdata$__acrt_get_sigabrt_handler 0000000180017810     libucrt:signal.obj
 0004:0000081c       $pdata$raise               000000018001781c     libucrt:signal.obj
 0004:00000828       $pdata$??$?RV<lambda_842d9ff0dc9ef11c61343bbaebe7f885>@@AEAV<lambda_c5860995281e5c4ce005b3de8f5874ee>@@V<lambda_d90129c13df834fdcbf8d2b88dafcf2d>@@@?$__crt_seh_guarded_call@X@@QEAAX$$QEAV<lambda_842d9ff0dc9ef11c61343bbaebe7f885>@@AEAV<lambda_c5860995281e5c4ce005b3de8f5874ee>@@$$QEAV<lambda_d90129c13df834fdcbf8d2b88dafcf2d>@@@Z 0000000180017828     libucrt:fflush.obj
 0004:00000834       $pdata$??$?RV<lambda_886d6c58226a84441f68b9f2b8217b83>@@AEAV<lambda_ab61a845afdef5b7c387490eaf3616ee>@@V<lambda_f7f22ab5edc0698d5f6905b0d3f44752>@@@?$__crt_seh_guarded_call@X@@QEAAX$$QEAV<lambda_886d6c58226a84441f68b9f2b8217b83>@@AEAV<lambda_ab61a845afdef5b7c387490eaf3616ee>@@$$QEAV<lambda_f7f22ab5edc0698d5f6905b0d3f44752>@@@Z 0000000180017834     libucrt:fflush.obj
 0004:00000840       $pdata$?common_flush_all@@YAH_N@Z 0000000180017840     libucrt:fflush.obj
 0004:0000084c       $pdata$__acrt_stdio_flush_nolock 000000018001784c     libucrt:fflush.obj
 0004:00000858       $pdata$_fflush_nolock      0000000180017858     libucrt:fflush.obj
 0004:00000864       $pdata$__acrt_initialize_stdio 0000000180017864     libucrt:_file.obj
 0004:00000870       $pdata$__acrt_uninitialize_stdio 0000000180017870     libucrt:_file.obj
 0004:0000087c       $pdata$_malloc_base        000000018001787c     libucrt:malloc_base.obj
 0004:00000888       $pdata$_mbtowc_l           0000000180017888     libucrt:mbtowc.obj
 0004:00000894       $pdata$_fileno             0000000180017894     libucrt:fileno.obj
 0004:000008a0       $pdata$__pctype_func       00000001800178a0     libucrt:ctype.obj
 0004:000008ac       $pdata$_isctype_l          00000001800178ac     libucrt:isctype.obj
 0004:000008b8       $pdata$_isleadbyte_l       00000001800178b8     libucrt:_wctype.obj
 0004:000008c4       $pdata$?__acrt_LCMapStringA_stat@@YAHPEAU__crt_locale_pointers@@PEB_WKPEBDHPEADHHH@Z 00000001800178c4     libucrt:lcmapstringa.obj
 0004:000008d0       $pdata$__acrt_LCMapStringA 00000001800178d0     libucrt:lcmapstringa.obj
 0004:000008dc       $pdata$__acrt_free_locale  00000001800178dc     libucrt:locale_refcounting.obj
 0004:000008e8       $pdata$__acrt_locale_free_lc_time_if_unreferenced 00000001800178e8     libucrt:locale_refcounting.obj
 0004:000008f4       $pdata$__acrt_release_locale_ref 00000001800178f4     libucrt:locale_refcounting.obj
 0004:00000900       $pdata$__acrt_update_thread_locale_data 0000000180017900     libucrt:locale_refcounting.obj
 0004:0000090c       $pdata$_updatetlocinfoEx_nolock 000000018001790c     libucrt:locale_refcounting.obj
 0004:00000918       $pdata$__acrt_locale_free_monetary 0000000180017918     libucrt:initmon.obj
 0004:00000924       $pdata$__acrt_locale_free_numeric 0000000180017924     libucrt:initnum.obj
 0004:00000930       $pdata$?free_crt_array_internal@@YAXQEAPEBX_K@Z 0000000180017930     libucrt:inittime.obj
 0004:0000093c       $pdata$__acrt_locale_free_time 000000018001793c     libucrt:inittime.obj
 0004:00000948       $pdata$__acrt_GetStringTypeA 0000000180017948     libucrt:getstringtypea.obj
 0004:00000954       $pdata$qsort               0000000180017954     libucrt:qsort.obj
 0004:00000960       $pdata$4$qsort             0000000180017960     libucrt:qsort.obj
 0004:0000096c       $pdata$5$qsort             000000018001796c     libucrt:qsort.obj
 0004:00000978       $pdata$strncpy_s           0000000180017978     libucrt:strncpy_s.obj
 0004:00000984       $pdata$fallbackMethod      0000000180017984     libucrt:strpbrk.obj
 0004:00000990       $pdata$strpbrk             0000000180017990     libucrt:strpbrk.obj
 0004:0000099c       $pdata$_mbsdec_l           000000018001799c     libucrt:mbsdec.obj
 0004:000009a8       $pdata$?initialize_multibyte@@YAHXZ 00000001800179a8     libucrt:multibyte_initializer.obj
 0004:000009b4       $pdata$_msize_base         00000001800179b4     libucrt:msize.obj
 0004:000009c0       $pdata$_realloc_base       00000001800179c0     libucrt:realloc_base.obj
 0004:000009cc       $pdata$?GetTableIndexFromLocaleName@@YAHPEB_W@Z 00000001800179cc     libucrt:lcidtoname_downlevel.obj
 0004:000009d8       $pdata$__acrt_DownlevelLocaleNameToLCID 00000001800179d8     libucrt:lcidtoname_downlevel.obj
 0004:000009e4       $pdata$__acrt_lowio_create_handle_array 00000001800179e4     libucrt:osfinfo.obj
 0004:000009f0       $pdata$__acrt_lowio_destroy_handle_array 00000001800179f0     libucrt:osfinfo.obj
 0004:000009fc       $pdata$__acrt_lowio_ensure_fh_exists 00000001800179fc     libucrt:osfinfo.obj
 0004:00000a08       $pdata$_free_osfhnd        0000000180017a08     libucrt:osfinfo.obj
 0004:00000a14       $pdata$_get_osfhandle      0000000180017a14     libucrt:osfinfo.obj
 0004:00000a20       $pdata$??$?RV<lambda_a37b2b86f63e897a80ea819b0eb08c01>@@AEAV<lambda_38ce7e780aa69e748d6df282ebc68efe>@@V<lambda_99fb1378e971ab6e7edea83e3a7a83a2>@@@?$__crt_seh_guarded_call@H@@QEAAH$$QEAV<lambda_a37b2b86f63e897a80ea819b0eb08c01>@@AEAV<lambda_38ce7e780aa69e748d6df282ebc68efe>@@$$QEAV<lambda_99fb1378e971ab6e7edea83e3a7a83a2>@@@Z 0000000180017a20     libucrt:commit.obj
 0004:00000a2c       $pdata$_commit             0000000180017a2c     libucrt:commit.obj
 0004:00000a38       $pdata$?write_double_translated_ansi_nolock@@YA?AUwrite_result@?A0x17268360@@HQEBDI@Z 0000000180017a38     libucrt:write.obj
 0004:00000a44       $pdata$?write_text_ansi_nolock@@YA?AUwrite_result@?A0x17268360@@HQEBDI@Z 0000000180017a44     libucrt:write.obj
 0004:00000a50       $pdata$?write_text_utf16le_nolock@@YA?AUwrite_result@?A0x17268360@@HQEBDI@Z 0000000180017a50     libucrt:write.obj
 0004:00000a5c       $pdata$?write_text_utf8_nolock@@YA?AUwrite_result@?A0x17268360@@HQEBDI@Z 0000000180017a5c     libucrt:write.obj
 0004:00000a68       $pdata$_write              0000000180017a68     libucrt:write.obj
 0004:00000a74       $pdata$_write_nolock       0000000180017a74     libucrt:write.obj
 0004:00000a80       $pdata$_fcloseall          0000000180017a80     libucrt:closeall.obj
 0004:00000a8c       $pdata$__acrt_stdio_free_buffer_nolock 0000000180017a8c     libucrt:_freebuf.obj
 0004:00000a98       $pdata$_isatty             0000000180017a98     libucrt:isatty.obj
 0004:00000aa4       $pdata$??$common_lseek_nolock@_J@@YA_JH_JH@Z 0000000180017aa4     libucrt:lseek.obj
 0004:00000ab0       $pdata$_putwch_nolock      0000000180017ab0     libucrt:putwch.obj
 0004:00000abc       $pdata$_fclose_nolock      0000000180017abc     libucrt:fclose.obj
 0004:00000ac8       $pdata$fclose              0000000180017ac8     libucrt:fclose.obj
 0004:00000ae0       $pdata$__dcrt_lowio_ensure_console_output_initialized 0000000180017ae0     libucrt:initcon.obj
 0004:00000aec       $pdata$__dcrt_terminate_console_output 0000000180017aec     libucrt:initcon.obj
 0004:00000af8       $pdata$__dcrt_write_console_w 0000000180017af8     libucrt:initcon.obj
 0004:00000b04       $pdata$??$?RV<lambda_751a882b2c74d4b022dec766aa51a29a>@@AEAV<lambda_628dfdc04ba53c8bfc02c9951375f3f5>@@V<lambda_f6c7be5f7998530c34de24c7437d6b54>@@@?$__crt_seh_guarded_call@H@@QEAAH$$QEAV<lambda_751a882b2c74d4b022dec766aa51a29a>@@AEAV<lambda_628dfdc04ba53c8bfc02c9951375f3f5>@@$$QEAV<lambda_f6c7be5f7998530c34de24c7437d6b54>@@@Z 0000000180017b04     libucrt:close.obj
 0004:00000b10       $pdata$_close              0000000180017b10     libucrt:close.obj
 0004:00000b1c       $pdata$_close_nolock       0000000180017b1c     libucrt:close.obj
 0004:00000b28       $pdata$_call_matherr       0000000180017b28     libucrt:libm_error.obj
 0004:00000b34       $pdata$_exception_enabled  0000000180017b34     libucrt:libm_error.obj
 0004:00000b40       $pdata$_handle_error       0000000180017b40     libucrt:libm_error.obj
 0004:00000b4c       $pdata$__acrt_initialize_fma3 0000000180017b4c     libucrt:fma3_available.obj
 0004:00000b58       $pdata$_log10_special      0000000180017b58     libucrt:log_special.obj
 0004:00000b64       $pdata$_log_special_common 0000000180017b64     libucrt:log_special.obj
 0004:00000b7c       $pdata$_raise_exc          0000000180017b7c     libucrt:fpexcept.obj
 0004:00000b88       $pdata$_raise_exc_ex       0000000180017b88     libucrt:fpexcept.obj
 0004:00000b94       $pdata$_set_errno_from_matherr 0000000180017b94     libucrt:fpexcept.obj
 0004:00000ba0       $pdata$_clrfp              0000000180017ba0     libucrt:fpctrl.obj
 0004:00000bac       $pdata$_ctrlfp             0000000180017bac     libucrt:fpctrl.obj
 0004:00000bb8       $pdata$_set_statfp         0000000180017bb8     libucrt:fpctrl.obj
 0004:00000bc4       $pdata$_statfp             0000000180017bc4     libucrt:fpctrl.obj
 0004:00000bd0       $pdata$?DloadAcquireSectionWriteAccess@@YAXXZ 0000000180017bd0     DelayImp:delayhlp.obj
 0004:00000bdc       $pdata$?DloadGetSRWLockFunctionPointers@@YAEXZ 0000000180017bdc     DelayImp:delayhlp.obj
 0004:00000be8       $pdata$?DloadMakePermanentImageCommit@@YAXPEAX_K@Z 0000000180017be8     DelayImp:delayhlp.obj
 0004:00000bf4       $pdata$?DloadObtainSection@@YAPEAXPEAK0@Z 0000000180017bf4     DelayImp:delayhlp.obj
 0004:00000c00       $pdata$?DloadProtectSection@@YAXKPEAK@Z 0000000180017c00     DelayImp:delayhlp.obj
 0004:00000c0c       $pdata$?DloadReleaseSectionWriteAccess@@YAXXZ 0000000180017c0c     DelayImp:delayhlp.obj
 0004:00000c18       $pdata$__delayLoadHelper2  0000000180017c18     DelayImp:delayhlp.obj
 0004:00000c24       $pdata$_IsNonwritableInCurrentImage 0000000180017c24     LIBCMT:pesect.obj
 0004:00000c30       $pdata$__GSHandlerCheck    0000000180017c30     LIBCMT:gshandler.obj
 0004:00000c3c       $pdata$__GSHandlerCheckCommon 0000000180017c3c     LIBCMT:gshandler.obj
 0004:00000c6c       $pdata$?fin$0@?0??dllmain_crt_process_attach@@YAHQEAUHINSTANCE__@@QEAX@Z@4HA 0000000180017c6c     LIBCMT:dll_dllmain.obj
 0004:00000c78       $pdata$?fin$0@?0??dllmain_crt_process_detach@@YAH_N@Z@4HA 0000000180017c78     LIBCMT:dll_dllmain.obj
 0004:00000c84       $pdata$?filt$0@?0??dllmain_dispatch@@YAHQEAUHINSTANCE__@@KQEAX@Z@4HA 0000000180017c84     LIBCMT:dll_dllmain.obj
 0004:00000c90       $pdata$__scrt_is_nonwritable_in_current_image$filt$0 0000000180017c90     LIBCMT:utility.obj
 0004:00000c9c       $pdata$__DestructExceptionObject$filt$0 0000000180017c9c     libvcruntime:ehhelpers.obj
 0004:00000ca8       $pdata$?fin$0@?0???$?RV<lambda_d80eeec6fff315bfe5c115232f3240e3>@@AEAV<lambda_6e4b09c48022b2350581041d5f6b0c4c>@@V<lambda_2358e3775559c9db80273638284d5e45>@@@?$__crt_seh_guarded_call@X@@QEAAX$$QEAV<lambda_d80eeec6fff315bfe5c115232f3240e3>@@AEAV<lambda_6e4b09c48022b2350581041d5f6b0c4c>@@$$QEAV<lambda_2358e3775559c9db80273638284d5e45>@@@Z@4HA 0000000180017ca8     libucrt:exit.obj
 0004:00000ca8       $pdata$?fin$0@?0???$?RV<lambda_450d765d439847d4c735a33c368b5fc0>@@AEAV<lambda_44731a7d0e6d81c3e6aa82d741081786>@@V<lambda_601a2a7da3b7a96e9554ac7215c4b07c>@@@?$__crt_seh_guarded_call@P6AXH@Z@@QEAAP6AXH@Z$$QEAV<lambda_450d765d439847d4c735a33c368b5fc0>@@AEAV<lambda_44731a7d0e6d81c3e6aa82d741081786>@@$$QEAV<lambda_601a2a7da3b7a96e9554ac7215c4b07c>@@@Z@4HA 0000000180017ca8     libucrt:signal.obj
 0004:00000ca8       $pdata$?fin$0@?0???$?RV<lambda_aa87e3671a710a21b5dc78c0bdf72e11>@@AEAV<lambda_92619d2358a28f41a33ba319515a20b9>@@V<lambda_6992ecaafeb10aed2b74cb1fae11a551>@@@?$__crt_seh_guarded_call@X@@QEAAX$$QEAV<lambda_aa87e3671a710a21b5dc78c0bdf72e11>@@AEAV<lambda_92619d2358a28f41a33ba319515a20b9>@@$$QEAV<lambda_6992ecaafeb10aed2b74cb1fae11a551>@@@Z@4HA 0000000180017ca8     libucrt:per_thread_data.obj
 0004:00000ca8       $pdata$?fin$0@?0???$?RV<lambda_efdfa57d1f175319df784efa44bb7b81>@@AEAV<lambda_5f0a4c1567f8adc6734073e5d1e1b35c>@@V<lambda_2e8a7d3640ea6ccb4c2413664c2db6fd>@@@?$__crt_seh_guarded_call@X@@QEAAX$$QEAV<lambda_efdfa57d1f175319df784efa44bb7b81>@@AEAV<lambda_5f0a4c1567f8adc6734073e5d1e1b35c>@@$$QEAV<lambda_2e8a7d3640ea6ccb4c2413664c2db6fd>@@@Z@4HA 0000000180017ca8     libucrt:mbctype.obj
 0004:00000ca8       $pdata$?fin$0@?0???$?RV<lambda_2d41944a1d46af3157314b8a01080d33>@@AEAV<lambda_8f455de75cd7d7f24b4096f044d8b9e6>@@V<lambda_aa500f224e6afead328df44964fe2772>@@@?$__crt_seh_guarded_call@X@@QEAAX$$QEAV<lambda_2d41944a1d46af3157314b8a01080d33>@@AEAV<lambda_8f455de75cd7d7f24b4096f044d8b9e6>@@$$QEAV<lambda_aa500f224e6afead328df44964fe2772>@@@Z@4HA 0000000180017ca8     libucrt:per_thread_data.obj
 0004:00000ca8       $pdata$?fin$0@?0???$?RV<lambda_0ae27a3a962d80f24befdcbee591983d>@@AEAV<lambda_8d0ee55de4b1038c4002e0adecdf1839>@@V<lambda_dc504788e8f1664fe9b84e20bfb512f2>@@@?$__crt_seh_guarded_call@X@@QEAAX$$QEAV<lambda_0ae27a3a962d80f24befdcbee591983d>@@AEAV<lambda_8d0ee55de4b1038c4002e0adecdf1839>@@$$QEAV<lambda_dc504788e8f1664fe9b84e20bfb512f2>@@@Z@4HA 0000000180017ca8     libucrt:per_thread_data.obj
 0004:00000ca8       $pdata$?fin$0@?0???$?RV<lambda_7777bce6b2f8c936911f934f8298dc43>@@AEAV<lambda_f03950bc5685219e0bcd2087efbe011e>@@V<lambda_3883c3dff614d5e0c5f61bb1ac94921c>@@@?$__crt_seh_guarded_call@H@@QEAAH$$QEAV<lambda_7777bce6b2f8c936911f934f8298dc43>@@AEAV<lambda_f03950bc5685219e0bcd2087efbe011e>@@$$QEAV<lambda_3883c3dff614d5e0c5f61bb1ac94921c>@@@Z@4HA 0000000180017ca8     libucrt:onexit.obj
 0004:00000ca8       $pdata$?fin$0@?0???$?RV<lambda_f2e299630e499de9f9a165e60fcd3db5>@@AEAV<lambda_2ae9d31cdba2644fcbeaf08da7c24588>@@V<lambda_40d01ff24d0e7b3814fdbdcee8eab3c7>@@@?$__crt_seh_guarded_call@X@@QEAAX$$QEAV<lambda_f2e299630e499de9f9a165e60fcd3db5>@@AEAV<lambda_2ae9d31cdba2644fcbeaf08da7c24588>@@$$QEAV<lambda_40d01ff24d0e7b3814fdbdcee8eab3c7>@@@Z@4HA 0000000180017ca8     libucrt:per_thread_data.obj
 0004:00000cb4       $pdata$?filt$0@?0???R<lambda_6e4b09c48022b2350581041d5f6b0c4c>@@QEBA@XZ@4HA 0000000180017cb4     libucrt:exit.obj
 0004:00000cc0       $pdata$?fin$0@?0???$?RV<lambda_410d79af7f07d98d83a3f525b3859a53>@@AEAV<lambda_3e16ef9562a7dcce91392c22ab16ea36>@@V<lambda_38119f0e861e05405d8a144b9b982f0a>@@@?$__crt_seh_guarded_call@X@@QEAAX$$QEAV<lambda_410d79af7f07d98d83a3f525b3859a53>@@AEAV<lambda_3e16ef9562a7dcce91392c22ab16ea36>@@$$QEAV<lambda_38119f0e861e05405d8a144b9b982f0a>@@@Z@4HA 0000000180017cc0     libucrt:wsetlocale.obj
 0004:00000ccc       $pdata$?fin$0@?0??update_thread_multibyte_data_internal@@YAPEAU__crt_multibyte_data@@QEAU__acrt_ptd@@QEAPEAU1@@Z@4HA 0000000180017ccc     libucrt:mbctype.obj
 0004:00000cd8       $pdata$__acrt_initialize_lowio$fin$0 0000000180017cd8     libucrt:ioinit.obj
 0004:00000cd8       $pdata$__acrt_lowio_ensure_fh_exists$fin$0 0000000180017cd8     libucrt:osfinfo.obj
 0004:00000ce4       $pdata$_query_new_handler$fin$0 0000000180017ce4     libucrt:new_handler.obj
 0004:00000cf0       $pdata$raise$fin$0         0000000180017cf0     libucrt:signal.obj
 0004:00000cfc       $pdata$?fin$0@?0???$?RV<lambda_842d9ff0dc9ef11c61343bbaebe7f885>@@AEAV<lambda_c5860995281e5c4ce005b3de8f5874ee>@@V<lambda_d90129c13df834fdcbf8d2b88dafcf2d>@@@?$__crt_seh_guarded_call@X@@QEAAX$$QEAV<lambda_842d9ff0dc9ef11c61343bbaebe7f885>@@AEAV<lambda_c5860995281e5c4ce005b3de8f5874ee>@@$$QEAV<lambda_d90129c13df834fdcbf8d2b88dafcf2d>@@@Z@4HA 0000000180017cfc     libucrt:fflush.obj
 0004:00000d08       $pdata$?fin$0@?0???$?RV<lambda_886d6c58226a84441f68b9f2b8217b83>@@AEAV<lambda_ab61a845afdef5b7c387490eaf3616ee>@@V<lambda_f7f22ab5edc0698d5f6905b0d3f44752>@@@?$__crt_seh_guarded_call@X@@QEAAX$$QEAV<lambda_886d6c58226a84441f68b9f2b8217b83>@@AEAV<lambda_ab61a845afdef5b7c387490eaf3616ee>@@$$QEAV<lambda_f7f22ab5edc0698d5f6905b0d3f44752>@@@Z@4HA 0000000180017d08     libucrt:fflush.obj
 0004:00000d14       $pdata$__acrt_update_thread_locale_data$fin$0 0000000180017d14     libucrt:locale_refcounting.obj
 0004:00000d20       $pdata$?fin$0@?0???$?RV<lambda_751a882b2c74d4b022dec766aa51a29a>@@AEAV<lambda_628dfdc04ba53c8bfc02c9951375f3f5>@@V<lambda_f6c7be5f7998530c34de24c7437d6b54>@@@?$__crt_seh_guarded_call@H@@QEAAH$$QEAV<lambda_751a882b2c74d4b022dec766aa51a29a>@@AEAV<lambda_628dfdc04ba53c8bfc02c9951375f3f5>@@$$QEAV<lambda_f6c7be5f7998530c34de24c7437d6b54>@@@Z@4HA 0000000180017d20     libucrt:close.obj
 0004:00000d20       $pdata$?fin$0@?0???$?RV<lambda_a37b2b86f63e897a80ea819b0eb08c01>@@AEAV<lambda_38ce7e780aa69e748d6df282ebc68efe>@@V<lambda_99fb1378e971ab6e7edea83e3a7a83a2>@@@?$__crt_seh_guarded_call@H@@QEAAH$$QEAV<lambda_a37b2b86f63e897a80ea819b0eb08c01>@@AEAV<lambda_38ce7e780aa69e748d6df282ebc68efe>@@$$QEAV<lambda_99fb1378e971ab6e7edea83e3a7a83a2>@@@Z@4HA 0000000180017d20     libucrt:commit.obj
 0004:00000d2c       $pdata$_write$fin$0        0000000180017d2c     libucrt:write.obj
 0004:00000d38       $pdata$_fcloseall$fin$0    0000000180017d38     libucrt:closeall.obj
 0004:00000d44       $pdata$fclose$fin$0        0000000180017d44     libucrt:fclose.obj
 0004:00000d50       $pdata$_ctrlfp$filt$0      0000000180017d50     libucrt:fpctrl.obj
 0004:00000d5c       $pdata$_IsNonwritableInCurrentImage$filt$0 0000000180017d5c     LIBCMT:pesect.obj
 0005:00000060       $R000000                   0000000180018060     * linker generated manifest res *

 Exports

  ordinal    name

        1    _register_addon_
